INFO 2024-10-03 07:00:42,699 basehttp "GET /api/v1/dataupload/ HTTP/1.1" 200 3502
INFO 2024-10-03 07:00:44,970 basehttp "GET /api/v1/dataupload/upload/ HTTP/1.1" 200 3958
INFO 2024-10-03 07:00:45,898 basehttp "GET /api/v1/dataupload/navigation/ HTTP/1.1" 200 4327
INFO 2024-10-03 07:00:47,149 basehttp "GET /api/v1/visualizations/employee-count-by-designation-view/ HTTP/1.1" 200 11751
INFO 2024-10-03 07:00:47,178 basehttp "GET /api/v1/visualizations/employee-count-by-designation/?department=all HTTP/1.1" 200 2
INFO 2024-10-03 07:00:47,179 basehttp "GET /api/v1/visualizations/leave_type_distribution/ HTTP/1.1" 200 2
INFO 2024-10-03 07:00:47,183 basehttp "GET /api/v1/visualizations/employee_leave_trend/?start_date=2024-09-19&end_date=2024-10-03 HTTP/1.1" 200 2
INFO 2024-10-03 07:00:47,826 basehttp "GET /api/v1/visualizations/employees/ HTTP/1.1" 200 4173
INFO 2024-10-03 07:00:48,533 basehttp "GET /api/v1/visualizations/d3_visualization/ HTTP/1.1" 200 9664
INFO 2024-10-03 07:00:48,568 basehttp "GET /api/v1/visualizations/leave-heatmap/ HTTP/1.1" 200 2
INFO 2024-10-03 07:00:50,029 basehttp "GET /api/v1/visualizations/employees/ HTTP/1.1" 200 4173
INFO 2024-10-03 07:00:50,916 basehttp "GET /api/v1/visualizations/d3_visualization/ HTTP/1.1" 200 9664
INFO 2024-10-03 07:00:50,946 basehttp "GET /api/v1/visualizations/leave-heatmap/ HTTP/1.1" 200 2
INFO 2024-10-03 07:00:51,300 basehttp "GET /api/v1/visualizations/employees/ HTTP/1.1" 200 4173
INFO 2024-10-03 07:10:48,863 autoreload Watching for file changes with StatReloader
INFO 2024-10-03 07:11:24,299 basehttp "GET /api/v1/dataupload/ HTTP/1.1" 200 3502
INFO 2024-10-03 07:11:25,240 basehttp "GET /api/v1/dataupload/upload/ HTTP/1.1" 200 3958
INFO 2024-10-03 07:13:51,787 basehttp "GET /api/v1/visualizations/d3_visualization/ HTTP/1.1" 200 9664
INFO 2024-10-03 07:13:51,826 basehttp "GET /api/v1/visualizations/leave-heatmap/ HTTP/1.1" 200 2
INFO 2024-10-03 07:13:53,180 basehttp "GET /api/v1/visualizations/employee-count-by-designation-view/ HTTP/1.1" 200 11751
INFO 2024-10-03 07:13:53,225 basehttp "GET /api/v1/visualizations/employee-count-by-designation/?department=all HTTP/1.1" 200 2
INFO 2024-10-03 07:13:53,226 basehttp "GET /api/v1/visualizations/leave_type_distribution/ HTTP/1.1" 200 2
INFO 2024-10-03 07:13:53,226 basehttp "GET /api/v1/visualizations/employee_leave_trend/?start_date=2024-09-19&end_date=2024-10-03 HTTP/1.1" 200 2
INFO 2024-10-03 07:13:54,955 basehttp "GET /api/v1/visualizations/employee-count-by-designation-view/ HTTP/1.1" 200 11751
INFO 2024-10-03 07:13:54,983 basehttp "GET /api/v1/visualizations/employee-count-by-designation/?department=all HTTP/1.1" 200 2
INFO 2024-10-03 07:13:54,983 basehttp "GET /api/v1/visualizations/leave_type_distribution/ HTTP/1.1" 200 2
INFO 2024-10-03 07:13:54,984 basehttp "GET /api/v1/visualizations/employee_leave_trend/?start_date=2024-09-19&end_date=2024-10-03 HTTP/1.1" 200 2
INFO 2024-10-03 07:13:55,449 basehttp "GET /api/v1/visualizations/employee-count-by-designation-view/ HTTP/1.1" 200 11751
INFO 2024-10-03 07:13:55,475 basehttp "GET /api/v1/visualizations/employee-count-by-designation/?department=all HTTP/1.1" 200 2
INFO 2024-10-03 07:13:55,477 basehttp "GET /api/v1/visualizations/leave_type_distribution/ HTTP/1.1" 200 2
INFO 2024-10-03 07:13:55,478 basehttp "GET /api/v1/visualizations/employee_leave_trend/?start_date=2024-09-19&end_date=2024-10-03 HTTP/1.1" 200 2
INFO 2024-10-03 07:13:55,641 basehttp "GET /api/v1/visualizations/employee-count-by-designation-view/ HTTP/1.1" 200 11751
INFO 2024-10-03 07:13:55,670 basehttp "GET /api/v1/visualizations/employee-count-by-designation/?department=all HTTP/1.1" 200 2
INFO 2024-10-03 07:13:55,673 basehttp "GET /api/v1/visualizations/leave_type_distribution/ HTTP/1.1" 200 2
INFO 2024-10-03 07:13:55,673 basehttp "GET /api/v1/visualizations/employee_leave_trend/?start_date=2024-09-19&end_date=2024-10-03 HTTP/1.1" 200 2
INFO 2024-10-03 07:13:55,821 basehttp "GET /api/v1/visualizations/employee-count-by-designation-view/ HTTP/1.1" 200 11751
INFO 2024-10-03 07:13:55,849 basehttp "GET /api/v1/visualizations/employee-count-by-designation/?department=all HTTP/1.1" 200 2
INFO 2024-10-03 07:13:55,849 basehttp "GET /api/v1/visualizations/leave_type_distribution/ HTTP/1.1" 200 2
INFO 2024-10-03 07:13:55,854 basehttp "GET /api/v1/visualizations/employee_leave_trend/?start_date=2024-09-19&end_date=2024-10-03 HTTP/1.1" 200 2
INFO 2024-10-03 07:13:55,986 basehttp "GET /api/v1/visualizations/employee-count-by-designation-view/ HTTP/1.1" 200 11751
INFO 2024-10-03 07:13:56,016 basehttp "GET /api/v1/visualizations/leave_type_distribution/ HTTP/1.1" 200 2
INFO 2024-10-03 07:13:56,016 basehttp "GET /api/v1/visualizations/employee-count-by-designation/?department=all HTTP/1.1" 200 2
INFO 2024-10-03 07:13:56,017 basehttp "GET /api/v1/visualizations/employee_leave_trend/?start_date=2024-09-19&end_date=2024-10-03 HTTP/1.1" 200 2
INFO 2024-10-03 07:13:56,144 basehttp "GET /api/v1/visualizations/employee-count-by-designation-view/ HTTP/1.1" 200 11751
INFO 2024-10-03 07:13:56,170 basehttp "GET /api/v1/visualizations/employee-count-by-designation/?department=all HTTP/1.1" 200 2
INFO 2024-10-03 07:13:56,172 basehttp "GET /api/v1/visualizations/leave_type_distribution/ HTTP/1.1" 200 2
INFO 2024-10-03 07:13:56,175 basehttp "GET /api/v1/visualizations/employee_leave_trend/?start_date=2024-09-19&end_date=2024-10-03 HTTP/1.1" 200 2
INFO 2024-10-03 07:13:56,296 basehttp "GET /api/v1/visualizations/employee-count-by-designation-view/ HTTP/1.1" 200 11751
INFO 2024-10-03 07:13:56,322 basehttp "GET /api/v1/visualizations/employee-count-by-designation/?department=all HTTP/1.1" 200 2
INFO 2024-10-03 07:13:56,323 basehttp "GET /api/v1/visualizations/leave_type_distribution/ HTTP/1.1" 200 2
INFO 2024-10-03 07:13:56,325 basehttp "GET /api/v1/visualizations/employee_leave_trend/?start_date=2024-09-19&end_date=2024-10-03 HTTP/1.1" 200 2
INFO 2024-10-03 07:13:59,867 basehttp "GET /api/v1/visualizations/employees/ HTTP/1.1" 200 4173
INFO 2024-10-03 07:14:00,044 basehttp "GET /api/v1/visualizations/employees/ HTTP/1.1" 200 4173
INFO 2024-10-03 07:14:00,441 basehttp "GET /api/v1/visualizations/d3_visualization/ HTTP/1.1" 200 9664
INFO 2024-10-03 07:14:00,468 basehttp "GET /api/v1/visualizations/leave-heatmap/ HTTP/1.1" 200 2
INFO 2024-10-03 07:14:01,070 basehttp "GET /api/v1/visualizations/d3_visualization/ HTTP/1.1" 200 9664
INFO 2024-10-03 07:14:01,106 basehttp "GET /api/v1/visualizations/leave-heatmap/ HTTP/1.1" 200 2
INFO 2024-10-03 07:14:01,528 basehttp "GET /api/v1/visualizations/d3_visualization/ HTTP/1.1" 200 9664
INFO 2024-10-03 07:14:01,553 basehttp "GET /api/v1/visualizations/leave-heatmap/ HTTP/1.1" 200 2
INFO 2024-10-03 07:14:01,698 basehttp "GET /api/v1/visualizations/d3_visualization/ HTTP/1.1" 200 9664
INFO 2024-10-03 07:14:01,726 basehttp "GET /api/v1/visualizations/leave-heatmap/ HTTP/1.1" 200 2
INFO 2024-10-03 07:14:01,867 basehttp "GET /api/v1/visualizations/d3_visualization/ HTTP/1.1" 200 9664
INFO 2024-10-03 07:14:01,891 basehttp "GET /api/v1/visualizations/leave-heatmap/ HTTP/1.1" 200 2
INFO 2024-10-03 07:14:02,017 basehttp "GET /api/v1/visualizations/d3_visualization/ HTTP/1.1" 200 9664
INFO 2024-10-03 07:14:02,044 basehttp "GET /api/v1/visualizations/leave-heatmap/ HTTP/1.1" 200 2
INFO 2024-10-03 07:14:21,867 autoreload /app/leavemgt/settings.py changed, reloading.
INFO 2024-10-03 07:14:22,584 autoreload Watching for file changes with StatReloader
INFO 2024-10-03 07:15:25,518 autoreload /app/leavemgt/settings.py changed, reloading.
INFO 2024-10-03 07:15:26,429 autoreload Watching for file changes with StatReloader
INFO 2024-10-03 07:15:31,073 autoreload /app/leavemgt/settings.py changed, reloading.
INFO 2024-10-03 07:15:31,914 autoreload Watching for file changes with StatReloader
INFO 2024-10-03 07:17:15,588 basehttp "GET /api/v1/visualizations/d3_visualization/ HTTP/1.1" 200 9664
INFO 2024-10-03 07:17:15,614 basehttp "GET /api/v1/visualizations/leave-heatmap/ HTTP/1.1" 200 2
INFO 2024-10-03 07:17:16,055 basehttp "GET /api/v1/visualizations/d3_visualization/ HTTP/1.1" 200 9664
INFO 2024-10-03 07:17:16,079 basehttp "GET /api/v1/visualizations/leave-heatmap/ HTTP/1.1" 200 2
INFO 2024-10-03 07:17:16,371 basehttp "GET /api/v1/visualizations/d3_visualization/ HTTP/1.1" 200 9664
INFO 2024-10-03 07:17:16,393 basehttp "GET /api/v1/visualizations/leave-heatmap/ HTTP/1.1" 200 2
INFO 2024-10-03 07:17:16,551 basehttp "GET /api/v1/visualizations/d3_visualization/ HTTP/1.1" 200 9664
INFO 2024-10-03 07:17:16,575 basehttp "GET /api/v1/visualizations/leave-heatmap/ HTTP/1.1" 200 2
INFO 2024-10-03 07:17:16,694 basehttp "GET /api/v1/visualizations/d3_visualization/ HTTP/1.1" 200 9664
INFO 2024-10-03 07:17:16,718 basehttp "GET /api/v1/visualizations/leave-heatmap/ HTTP/1.1" 200 2
INFO 2024-10-03 07:17:16,863 basehttp "GET /api/v1/visualizations/d3_visualization/ HTTP/1.1" 200 9664
INFO 2024-10-03 07:17:16,891 basehttp "GET /api/v1/visualizations/leave-heatmap/ HTTP/1.1" 200 2
INFO 2024-10-03 07:17:17,031 basehttp "GET /api/v1/visualizations/d3_visualization/ HTTP/1.1" 200 9664
INFO 2024-10-03 07:17:17,060 basehttp "GET /api/v1/visualizations/leave-heatmap/ HTTP/1.1" 200 2
INFO 2024-10-03 07:17:17,175 basehttp "GET /api/v1/visualizations/d3_visualization/ HTTP/1.1" 200 9664
INFO 2024-10-03 07:17:17,201 basehttp "GET /api/v1/visualizations/leave-heatmap/ HTTP/1.1" 200 2
INFO 2024-10-03 07:17:17,318 basehttp "GET /api/v1/visualizations/d3_visualization/ HTTP/1.1" 200 9664
INFO 2024-10-03 07:17:17,341 basehttp "GET /api/v1/visualizations/leave-heatmap/ HTTP/1.1" 200 2
INFO 2024-10-03 07:17:17,490 basehttp "GET /api/v1/visualizations/d3_visualization/ HTTP/1.1" 200 9664
INFO 2024-10-03 07:17:17,514 basehttp "GET /api/v1/visualizations/leave-heatmap/ HTTP/1.1" 200 2
INFO 2024-10-03 07:17:17,657 basehttp "GET /api/v1/visualizations/d3_visualization/ HTTP/1.1" 200 9664
INFO 2024-10-03 07:17:17,682 basehttp "GET /api/v1/visualizations/leave-heatmap/ HTTP/1.1" 200 2
INFO 2024-10-03 07:17:17,840 basehttp "GET /api/v1/visualizations/d3_visualization/ HTTP/1.1" 200 9664
INFO 2024-10-03 07:17:17,865 basehttp "GET /api/v1/visualizations/leave-heatmap/ HTTP/1.1" 200 2
INFO 2024-10-03 07:17:18,008 basehttp "GET /api/v1/visualizations/d3_visualization/ HTTP/1.1" 200 9664
INFO 2024-10-03 07:17:18,033 basehttp "GET /api/v1/visualizations/leave-heatmap/ HTTP/1.1" 200 2
INFO 2024-10-03 07:17:18,159 basehttp "GET /api/v1/visualizations/d3_visualization/ HTTP/1.1" 200 9664
INFO 2024-10-03 07:17:18,185 basehttp "GET /api/v1/visualizations/leave-heatmap/ HTTP/1.1" 200 2
INFO 2024-10-03 07:17:18,309 basehttp "GET /api/v1/visualizations/d3_visualization/ HTTP/1.1" 200 9664
INFO 2024-10-03 07:17:18,338 basehttp "GET /api/v1/visualizations/leave-heatmap/ HTTP/1.1" 200 2
INFO 2024-10-03 07:17:18,473 basehttp "GET /api/v1/visualizations/d3_visualization/ HTTP/1.1" 200 9664
INFO 2024-10-03 07:17:18,501 basehttp "GET /api/v1/visualizations/leave-heatmap/ HTTP/1.1" 200 2
INFO 2024-10-03 07:17:18,630 basehttp "GET /api/v1/visualizations/d3_visualization/ HTTP/1.1" 200 9664
INFO 2024-10-03 07:17:18,657 basehttp "GET /api/v1/visualizations/leave-heatmap/ HTTP/1.1" 200 2
INFO 2024-10-03 07:17:18,806 basehttp "GET /api/v1/visualizations/d3_visualization/ HTTP/1.1" 200 9664
INFO 2024-10-03 07:17:18,831 basehttp "GET /api/v1/visualizations/leave-heatmap/ HTTP/1.1" 200 2
INFO 2024-10-03 07:17:18,977 basehttp "GET /api/v1/visualizations/d3_visualization/ HTTP/1.1" 200 9664
INFO 2024-10-03 07:17:19,011 basehttp "GET /api/v1/visualizations/leave-heatmap/ HTTP/1.1" 200 2
INFO 2024-10-03 07:17:19,327 basehttp "GET /api/v1/visualizations/d3_visualization/ HTTP/1.1" 200 9664
INFO 2024-10-03 07:17:19,352 basehttp "GET /api/v1/visualizations/leave-heatmap/ HTTP/1.1" 200 2
INFO 2024-10-03 07:17:20,202 basehttp "GET /api/v1/visualizations/d3_visualization/ HTTP/1.1" 200 9664
INFO 2024-10-03 07:17:20,229 basehttp "GET /api/v1/visualizations/leave-heatmap/ HTTP/1.1" 200 2
INFO 2024-10-03 07:17:20,550 basehttp "GET /api/v1/visualizations/d3_visualization/ HTTP/1.1" 200 9664
INFO 2024-10-03 07:17:20,574 basehttp "GET /api/v1/visualizations/leave-heatmap/ HTTP/1.1" 200 2
INFO 2024-10-03 07:17:20,745 basehttp "GET /api/v1/visualizations/d3_visualization/ HTTP/1.1" 200 9664
INFO 2024-10-03 07:17:20,768 basehttp "GET /api/v1/visualizations/leave-heatmap/ HTTP/1.1" 200 2
INFO 2024-10-03 07:18:05,353 basehttp "GET /api/v1/visualizations/d3_visualization/ HTTP/1.1" 200 9664
INFO 2024-10-03 07:18:05,380 basehttp "GET /api/v1/visualizations/leave-heatmap/ HTTP/1.1" 200 2
INFO 2024-10-03 07:18:05,801 basehttp "GET /api/v1/visualizations/d3_visualization/ HTTP/1.1" 200 9664
INFO 2024-10-03 07:18:05,824 basehttp "GET /api/v1/visualizations/leave-heatmap/ HTTP/1.1" 200 2
INFO 2024-10-03 07:18:05,961 basehttp "GET /api/v1/visualizations/d3_visualization/ HTTP/1.1" 200 9664
INFO 2024-10-03 07:18:05,991 basehttp "GET /api/v1/visualizations/leave-heatmap/ HTTP/1.1" 200 2
INFO 2024-10-03 07:18:06,119 basehttp "GET /api/v1/visualizations/d3_visualization/ HTTP/1.1" 200 9664
INFO 2024-10-03 07:18:06,149 basehttp "GET /api/v1/visualizations/leave-heatmap/ HTTP/1.1" 200 2
INFO 2024-10-03 07:18:07,059 basehttp "GET /api/v1/dataupload/upload/ HTTP/1.1" 200 3958
INFO 2024-10-03 07:18:08,022 basehttp "GET /api/v1/visualizations/employee-count-by-designation-view/ HTTP/1.1" 200 11751
INFO 2024-10-03 07:18:08,063 basehttp "GET /api/v1/visualizations/employee-count-by-designation/?department=all HTTP/1.1" 200 2
INFO 2024-10-03 07:18:08,074 basehttp "GET /api/v1/visualizations/leave_type_distribution/ HTTP/1.1" 200 2
INFO 2024-10-03 07:18:08,075 basehttp "GET /api/v1/visualizations/employee_leave_trend/?start_date=2024-09-19&end_date=2024-10-03 HTTP/1.1" 200 2
INFO 2024-10-03 07:20:21,705 basehttp "GET /api/v1/visualizations/employee-count-by-designation-view/ HTTP/1.1" 200 11751
INFO 2024-10-03 07:20:21,730 basehttp "GET /api/v1/visualizations/employee-count-by-designation/?department=all HTTP/1.1" 200 2
INFO 2024-10-03 07:20:21,733 basehttp "GET /api/v1/visualizations/leave_type_distribution/ HTTP/1.1" 200 2
INFO 2024-10-03 07:20:21,734 basehttp "GET /api/v1/visualizations/employee_leave_trend/?start_date=2024-09-19&end_date=2024-10-03 HTTP/1.1" 200 2
INFO 2024-10-03 07:20:22,144 basehttp "GET /api/v1/visualizations/employee-count-by-designation-view/ HTTP/1.1" 200 11751
INFO 2024-10-03 07:20:22,170 basehttp "GET /api/v1/visualizations/employee-count-by-designation/?department=all HTTP/1.1" 200 2
INFO 2024-10-03 07:20:22,174 basehttp "GET /api/v1/visualizations/leave_type_distribution/ HTTP/1.1" 200 2
INFO 2024-10-03 07:20:22,175 basehttp "GET /api/v1/visualizations/employee_leave_trend/?start_date=2024-09-19&end_date=2024-10-03 HTTP/1.1" 200 2
INFO 2024-10-03 07:20:22,328 basehttp "GET /api/v1/visualizations/employee-count-by-designation-view/ HTTP/1.1" 200 11751
INFO 2024-10-03 07:20:22,354 basehttp "GET /api/v1/visualizations/employee-count-by-designation/?department=all HTTP/1.1" 200 2
INFO 2024-10-03 07:20:22,355 basehttp "GET /api/v1/visualizations/leave_type_distribution/ HTTP/1.1" 200 2
INFO 2024-10-03 07:20:22,357 basehttp "GET /api/v1/visualizations/employee_leave_trend/?start_date=2024-09-19&end_date=2024-10-03 HTTP/1.1" 200 2
INFO 2024-10-03 07:20:24,221 basehttp "GET /api/v1/dataupload/navigation/ HTTP/1.1" 200 4327
INFO 2024-10-03 07:20:25,034 basehttp "GET /api/v1/dataupload/api HTTP/1.1" 301 0
INFO 2024-10-03 07:20:26,475 basehttp "GET /api/v1/dataupload/api/ HTTP/1.1" 200 52
INFO 2024-10-03 07:20:32,194 basehttp "GET /api/v1/visualizations/employee-count-by-designation-view/ HTTP/1.1" 200 11751
INFO 2024-10-03 07:20:32,221 basehttp "GET /api/v1/visualizations/employee-count-by-designation/?department=all HTTP/1.1" 200 2
INFO 2024-10-03 07:20:32,222 basehttp "GET /api/v1/visualizations/leave_type_distribution/ HTTP/1.1" 200 2
INFO 2024-10-03 07:20:32,224 basehttp "GET /api/v1/visualizations/employee_leave_trend/?start_date=2024-09-19&end_date=2024-10-03 HTTP/1.1" 200 2
INFO 2024-10-03 07:20:34,330 basehttp "GET /api/v1/visualizations/employee-count-by-designation-view/ HTTP/1.1" 200 11751
INFO 2024-10-03 07:20:34,376 basehttp "GET /api/v1/visualizations/leave_type_distribution/ HTTP/1.1" 200 2
INFO 2024-10-03 07:20:34,378 basehttp "GET /api/v1/visualizations/employee-count-by-designation/?department=all HTTP/1.1" 200 2
INFO 2024-10-03 07:20:34,379 basehttp "GET /api/v1/visualizations/employee_leave_trend/?start_date=2024-09-19&end_date=2024-10-03 HTTP/1.1" 200 2
INFO 2024-10-03 07:20:34,958 basehttp "GET /api/v1/visualizations/employee-count-by-designation-view/ HTTP/1.1" 200 11751
INFO 2024-10-03 07:20:34,987 basehttp "GET /api/v1/visualizations/employee-count-by-designation/?department=all HTTP/1.1" 200 2
INFO 2024-10-03 07:20:34,987 basehttp "GET /api/v1/visualizations/leave_type_distribution/ HTTP/1.1" 200 2
INFO 2024-10-03 07:20:34,990 basehttp "GET /api/v1/visualizations/employee_leave_trend/?start_date=2024-09-19&end_date=2024-10-03 HTTP/1.1" 200 2
INFO 2024-10-03 07:20:35,128 basehttp "GET /api/v1/visualizations/employee-count-by-designation-view/ HTTP/1.1" 200 11751
INFO 2024-10-03 07:20:35,151 basehttp "GET /api/v1/visualizations/employee-count-by-designation/?department=all HTTP/1.1" 200 2
INFO 2024-10-03 07:20:35,155 basehttp "GET /api/v1/visualizations/leave_type_distribution/ HTTP/1.1" 200 2
INFO 2024-10-03 07:20:35,155 basehttp "GET /api/v1/visualizations/employee_leave_trend/?start_date=2024-09-19&end_date=2024-10-03 HTTP/1.1" 200 2
INFO 2024-10-03 07:20:37,105 basehttp "GET /api/v1/visualizations/d3_visualization/ HTTP/1.1" 200 9664
INFO 2024-10-03 07:20:37,133 basehttp "GET /api/v1/visualizations/leave-heatmap/ HTTP/1.1" 200 2
INFO 2024-10-03 07:20:38,157 basehttp "GET /api/v1/dataupload/navigation/ HTTP/1.1" 200 4327
INFO 2024-10-03 07:22:11,205 basehttp "GET /api/v1/dataupload/ HTTP/1.1" 200 3502
INFO 2024-10-03 07:22:12,718 basehttp "GET /api/v1/dataupload/navigation/ HTTP/1.1" 200 4327
INFO 2024-10-03 07:26:15,952 autoreload Watching for file changes with StatReloader
WARNING 2024-10-03 07:26:24,560 log Not Found: /
WARNING 2024-10-03 07:26:24,561 basehttp "GET / HTTP/1.1" 404 2411
INFO 2024-10-03 07:26:28,434 basehttp "GET /api/v1/user/login/ HTTP/1.1" 200 3975
INFO 2024-10-03 07:26:33,706 basehttp "POST /api/v1/user/login/ HTTP/1.1" 302 0
INFO 2024-10-03 07:26:33,718 basehttp "GET /api/v1/dataupload/ HTTP/1.1" 200 3502
INFO 2024-10-03 07:26:36,411 basehttp "GET /api/v1/dataupload/navigation/ HTTP/1.1" 200 4327
INFO 2024-10-03 07:26:38,632 basehttp "GET /api/v1/dataupload/api/ HTTP/1.1" 200 52
INFO 2024-10-03 07:26:50,324 basehttp "GET /api/v1/dataupload/upload/ HTTP/1.1" 200 3958
INFO 2024-10-03 07:29:12,182 basehttp "GET /api/v1/visualizations/employee-count-by-designation-view/ HTTP/1.1" 200 11751
INFO 2024-10-03 07:29:12,219 basehttp "GET /api/v1/visualizations/employee-count-by-designation/?department=all HTTP/1.1" 200 2
INFO 2024-10-03 07:29:12,221 basehttp "GET /api/v1/visualizations/employee_leave_trend/?start_date=2024-09-19&end_date=2024-10-03 HTTP/1.1" 200 2
INFO 2024-10-03 07:29:12,223 basehttp "GET /api/v1/visualizations/leave_type_distribution/ HTTP/1.1" 200 2
INFO 2024-10-03 07:29:12,910 basehttp "GET /api/v1/dataupload/navigation/ HTTP/1.1" 200 4327
INFO 2024-10-03 07:29:15,301 basehttp "GET /api/v1/dataupload/api/ HTTP/1.1" 200 52
INFO 2024-10-03 07:31:22,135 basehttp "GET /api/v1/dataupload/upload/ HTTP/1.1" 200 3958
INFO 2024-10-03 07:39:56,432 basehttp "POST /api/v1/dataupload/upload/ HTTP/1.1" 200 51
INFO 2024-10-03 07:40:30,522 basehttp "GET /api/v1/dataupload/upload/ HTTP/1.1" 200 3958
INFO 2024-10-03 07:40:31,896 basehttp "GET /api/v1/visualizations/d3_visualization/ HTTP/1.1" 200 9664
INFO 2024-10-03 07:40:32,003 basehttp "GET /api/v1/visualizations/leave-heatmap/ HTTP/1.1" 200 14241
INFO 2024-10-03 07:40:33,886 basehttp "GET /api/v1/dataupload/navigation/ HTTP/1.1" 200 4327
INFO 2024-10-03 07:40:35,408 basehttp "GET /api/v1/visualizations/employee-count-by-designation-view/ HTTP/1.1" 200 11751
INFO 2024-10-03 07:40:35,459 basehttp "GET /api/v1/visualizations/employee-count-by-designation/?department=all HTTP/1.1" 200 1758
INFO 2024-10-03 07:40:35,482 basehttp "GET /api/v1/visualizations/employee_leave_trend/?start_date=2024-09-19&end_date=2024-10-03 HTTP/1.1" 200 2
INFO 2024-10-03 07:40:35,516 basehttp "GET /api/v1/visualizations/leave_type_distribution/ HTTP/1.1" 200 309
INFO 2024-10-03 07:40:44,898 basehttp "GET /api/v1/visualizations/employee_leave_trend/?start_date=2023-08-04&end_date=2024-10-03 HTTP/1.1" 200 7317
INFO 2024-10-03 07:42:12,775 basehttp "GET /api/v1/visualizations/employee-count-by-designation/?department=Administration%20Team HTTP/1.1" 200 246
INFO 2024-10-03 07:42:13,691 basehttp "GET /api/v1/visualizations/employee-count-by-designation/?department=Engineering HTTP/1.1" 200 1578
INFO 2024-10-03 07:42:14,701 basehttp "GET /api/v1/visualizations/employee-count-by-designation/?department=All%20the%20support%20Staffs%20falls%20under%20this%20Operatoin HTTP/1.1" 200 252
INFO 2024-10-03 07:42:16,168 basehttp "GET /api/v1/visualizations/employee-count-by-designation/?department=Engineering HTTP/1.1" 200 1578
INFO 2024-10-03 07:42:19,197 basehttp "GET /api/v1/visualizations/d3_visualization/ HTTP/1.1" 200 9664
INFO 2024-10-03 07:42:19,272 basehttp "GET /api/v1/visualizations/leave-heatmap/ HTTP/1.1" 200 14241
INFO 2024-10-03 07:42:23,088 basehttp "GET /api/v1/dataupload/upload/ HTTP/1.1" 200 3958
INFO 2024-10-03 07:42:23,933 basehttp "GET /api/v1/visualizations/employee-count-by-designation-view/ HTTP/1.1" 200 11751
INFO 2024-10-03 07:42:23,973 basehttp "GET /api/v1/visualizations/employee-count-by-designation/?department=all HTTP/1.1" 200 1758
INFO 2024-10-03 07:42:23,996 basehttp "GET /api/v1/visualizations/employee_leave_trend/?start_date=2024-09-19&end_date=2024-10-03 HTTP/1.1" 200 2
INFO 2024-10-03 07:42:24,032 basehttp "GET /api/v1/visualizations/leave_type_distribution/ HTTP/1.1" 200 309
INFO 2024-10-03 07:42:25,938 basehttp "GET /api/v1/visualizations/employees/ HTTP/1.1" 200 215983
INFO 2024-10-03 07:42:27,973 basehttp "GET /api/v1/visualizations/employees/2/ HTTP/1.1" 200 44412
INFO 2024-10-03 07:42:31,677 basehttp "GET /api/v1/dataupload/ HTTP/1.1" 200 3502
INFO 2024-10-03 07:42:33,623 basehttp "GET /api/v1/visualizations/d3_visualization/ HTTP/1.1" 200 9664
INFO 2024-10-03 07:42:33,694 basehttp "GET /api/v1/visualizations/leave-heatmap/ HTTP/1.1" 200 14241
INFO 2024-10-03 07:42:34,986 basehttp "GET /api/v1/user/logout/ HTTP/1.1" 200 3973
INFO 2024-10-03 07:42:36,288 basehttp "GET /api/v1/dataupload/upload/ HTTP/1.1" 302 0
INFO 2024-10-03 07:42:36,291 basehttp "GET /api/v1/user/login/?next=/api/v1/dataupload/upload/ HTTP/1.1" 200 3973
INFO 2024-10-03 07:42:37,101 basehttp "GET /api/v1/dataupload/navigation/ HTTP/1.1" 302 0
INFO 2024-10-03 07:42:37,104 basehttp "GET /api/v1/user/login/?next=/api/v1/dataupload/navigation/ HTTP/1.1" 200 3973
INFO 2024-10-03 07:42:37,764 basehttp "GET /api/v1/dataupload/ HTTP/1.1" 302 0
INFO 2024-10-03 07:42:37,770 basehttp "GET /api/v1/user/login/?next=/api/v1/dataupload/ HTTP/1.1" 200 3973
INFO 2024-10-03 07:42:38,365 basehttp "GET /api/v1/visualizations/employee-count-by-designation-view/ HTTP/1.1" 302 0
INFO 2024-10-03 07:42:38,371 basehttp "GET /api/v1/user/login/?next=/api/v1/visualizations/employee-count-by-designation-view/ HTTP/1.1" 200 3973
INFO 2024-10-03 07:42:38,692 basehttp "GET /api/v1/visualizations/employees/ HTTP/1.1" 302 0
INFO 2024-10-03 07:42:38,695 basehttp "GET /api/v1/user/login/?next=/api/v1/visualizations/employees/ HTTP/1.1" 200 3973
INFO 2024-10-03 07:42:39,099 basehttp "GET /api/v1/visualizations/d3_visualization/ HTTP/1.1" 302 0
INFO 2024-10-03 07:42:39,102 basehttp "GET /api/v1/user/login/?next=/api/v1/visualizations/d3_visualization/ HTTP/1.1" 200 3973
INFO 2024-10-03 07:42:39,866 basehttp "GET /api/v1/user/login/ HTTP/1.1" 200 3973
INFO 2024-10-03 07:42:44,357 basehttp "POST /api/v1/user/login/ HTTP/1.1" 302 0
INFO 2024-10-03 07:42:44,374 basehttp "GET /api/v1/dataupload/ HTTP/1.1" 200 3502
INFO 2024-10-03 08:10:47,205 basehttp "GET /api/v1/dataupload/ HTTP/1.1" 200 3502
INFO 2024-10-03 08:10:48,162 basehttp "GET /api/v1/dataupload/ HTTP/1.1" 200 3502
INFO 2024-10-03 08:10:48,712 basehttp "GET /api/v1/dataupload/upload/ HTTP/1.1" 200 3958
INFO 2024-10-03 08:10:49,568 basehttp "GET /api/v1/dataupload/ HTTP/1.1" 200 3502
INFO 2024-10-03 08:10:50,013 basehttp "GET /api/v1/dataupload/upload/ HTTP/1.1" 200 3958
INFO 2024-10-03 08:10:50,552 basehttp "GET /api/v1/dataupload/navigation/ HTTP/1.1" 200 4327
INFO 2024-10-03 08:10:50,887 basehttp "GET /api/v1/visualizations/employee-count-by-designation-view/ HTTP/1.1" 200 11751
INFO 2024-10-03 08:10:50,930 basehttp "GET /api/v1/visualizations/employee-count-by-designation/?department=all HTTP/1.1" 200 1758
INFO 2024-10-03 08:10:50,950 basehttp "GET /api/v1/visualizations/employee_leave_trend/?start_date=2024-09-19&end_date=2024-10-03 HTTP/1.1" 200 2
INFO 2024-10-03 08:10:50,976 basehttp "GET /api/v1/visualizations/leave_type_distribution/ HTTP/1.1" 200 309
INFO 2024-10-03 08:10:52,343 basehttp "GET /api/v1/visualizations/employees/ HTTP/1.1" 200 215983
INFO 2024-10-03 08:10:52,864 basehttp "GET /api/v1/visualizations/d3_visualization/ HTTP/1.1" 200 9664
INFO 2024-10-03 08:10:52,958 basehttp "GET /api/v1/visualizations/leave-heatmap/ HTTP/1.1" 200 14241
INFO 2024-10-03 08:10:53,930 basehttp "GET /api/v1/visualizations/employees/ HTTP/1.1" 200 215983
INFO 2024-10-03 08:10:54,324 basehttp "GET /api/v1/visualizations/d3_visualization/ HTTP/1.1" 200 9664
INFO 2024-10-03 08:10:54,402 basehttp "GET /api/v1/visualizations/leave-heatmap/ HTTP/1.1" 200 14241
INFO 2024-10-03 08:10:55,541 basehttp "GET /api/v1/dataupload/ HTTP/1.1" 200 3502
INFO 2024-10-03 08:10:55,987 basehttp "GET /api/v1/dataupload/upload/ HTTP/1.1" 200 3958
INFO 2024-10-03 08:10:56,978 basehttp "GET /api/v1/dataupload/navigation/ HTTP/1.1" 200 4327
INFO 2024-10-03 08:10:57,474 basehttp "GET /api/v1/visualizations/employee-count-by-designation-view/ HTTP/1.1" 200 11751
INFO 2024-10-03 08:10:57,513 basehttp "GET /api/v1/visualizations/employee-count-by-designation/?department=all HTTP/1.1" 200 1758
INFO 2024-10-03 08:10:57,537 basehttp "GET /api/v1/visualizations/employee_leave_trend/?start_date=2024-09-19&end_date=2024-10-03 HTTP/1.1" 200 2
INFO 2024-10-03 08:10:57,565 basehttp "GET /api/v1/visualizations/leave_type_distribution/ HTTP/1.1" 200 309
INFO 2024-10-03 08:10:58,278 basehttp "GET /api/v1/visualizations/employees/ HTTP/1.1" 200 215983
INFO 2024-10-03 08:10:58,785 basehttp "GET /api/v1/visualizations/d3_visualization/ HTTP/1.1" 200 9664
INFO 2024-10-03 08:10:58,861 basehttp "GET /api/v1/visualizations/leave-heatmap/ HTTP/1.1" 200 14241
INFO 2024-10-03 10:45:15,183 autoreload Watching for file changes with StatReloader
WARNING 2024-10-03 10:45:21,524 log Not Found: /
WARNING 2024-10-03 10:45:21,525 basehttp "GET / HTTP/1.1" 404 2411
INFO 2024-10-03 10:45:35,893 basehttp "GET /api/v1/dataupload/ HTTP/1.1" 200 3502
INFO 2024-10-03 10:45:36,988 basehttp "GET /api/v1/dataupload/upload/ HTTP/1.1" 200 3958
INFO 2024-10-03 10:45:38,073 basehttp "GET /api/v1/dataupload/navigation/ HTTP/1.1" 200 4327
INFO 2024-10-03 10:45:39,098 basehttp "GET /api/v1/visualizations/employee-count-by-designation-view/ HTTP/1.1" 200 11751
INFO 2024-10-03 10:45:39,145 basehttp "GET /api/v1/visualizations/employee-count-by-designation/?department=all HTTP/1.1" 200 1758
INFO 2024-10-03 10:45:39,193 basehttp "GET /api/v1/visualizations/leave_type_distribution/ HTTP/1.1" 200 309
INFO 2024-10-03 10:45:39,193 basehttp "GET /api/v1/visualizations/employee_leave_trend/?start_date=2024-09-19&end_date=2024-10-03 HTTP/1.1" 200 2
INFO 2024-10-03 10:45:42,454 basehttp "GET /api/v1/visualizations/employees/ HTTP/1.1" 200 215983
INFO 2024-10-03 10:45:44,132 basehttp "GET /api/v1/visualizations/d3_visualization/ HTTP/1.1" 200 9664
INFO 2024-10-03 10:45:45,315 basehttp "GET /api/v1/visualizations/leave-heatmap/ HTTP/1.1" 200 14241
INFO 2024-10-03 10:45:47,086 basehttp "GET /api/v1/dataupload/upload/ HTTP/1.1" 200 3958
INFO 2024-10-03 10:45:49,890 basehttp "GET /api/v1/dataupload/navigation/ HTTP/1.1" 200 4327
INFO 2024-10-03 10:45:50,998 basehttp "GET /api/v1/visualizations/employee-count-by-designation-view/ HTTP/1.1" 200 11751
INFO 2024-10-03 10:45:51,026 basehttp "GET /api/v1/visualizations/employee-count-by-designation/?department=all HTTP/1.1" 200 1758
INFO 2024-10-03 10:45:51,046 basehttp "GET /api/v1/visualizations/employee_leave_trend/?start_date=2024-09-19&end_date=2024-10-03 HTTP/1.1" 200 2
INFO 2024-10-03 10:45:51,063 basehttp "GET /api/v1/visualizations/leave_type_distribution/ HTTP/1.1" 200 309
INFO 2024-10-03 10:45:52,681 basehttp "GET /api/v1/visualizations/employees/ HTTP/1.1" 200 215983
INFO 2024-10-03 10:45:54,441 basehttp "GET /api/v1/visualizations/d3_visualization/ HTTP/1.1" 200 9664
INFO 2024-10-03 10:45:54,494 basehttp "GET /api/v1/visualizations/leave-heatmap/ HTTP/1.1" 200 14241
INFO 2024-10-03 10:45:55,452 basehttp "GET /api/v1/visualizations/employees/ HTTP/1.1" 200 215983
INFO 2024-10-03 10:51:57,877 autoreload /app/leavemgt/settings.py changed, reloading.
INFO 2024-10-03 10:51:58,268 autoreload Watching for file changes with StatReloader
INFO 2024-10-03 10:52:18,109 autoreload /app/leavemgt/settings.py changed, reloading.
INFO 2024-10-03 10:52:18,474 autoreload Watching for file changes with StatReloader
INFO 2024-10-03 10:52:21,063 autoreload /app/leavemgt/settings.py changed, reloading.
INFO 2024-10-03 10:52:21,434 autoreload Watching for file changes with StatReloader
INFO 2024-10-03 10:57:58,728 autoreload Watching for file changes with StatReloader
INFO 2024-10-04 02:48:35,482 autoreload Watching for file changes with StatReloader
INFO 2024-10-04 02:49:57,233 basehttp "GET /api/v1/dataupload/ HTTP/1.1" 200 3502
INFO 2024-10-04 02:49:57,978 basehttp "GET /api/v1/dataupload/ HTTP/1.1" 200 3502
INFO 2024-10-04 02:53:03,522 basehttp "GET /api/v1/user/logout/ HTTP/1.1" 200 3973
INFO 2024-10-04 02:53:06,919 basehttp "GET /api/v1/user/login/ HTTP/1.1" 200 3973
INFO 2024-10-04 02:55:11,955 basehttp "POST /api/v1/user/login/ HTTP/1.1" 302 0
INFO 2024-10-04 02:56:40,351 autoreload /app/user/views.py changed, reloading.
INFO 2024-10-04 02:56:40,762 autoreload Watching for file changes with StatReloader
INFO 2024-10-04 02:56:46,579 basehttp "GET /api/v1/dataupload/ HTTP/1.1" 302 0
INFO 2024-10-04 02:56:46,587 basehttp "GET /api/v1/user/login/?next=/api/v1/dataupload/ HTTP/1.1" 200 3973
INFO 2024-10-04 02:56:47,174 basehttp "GET /api/v1/dataupload/upload/ HTTP/1.1" 302 0
INFO 2024-10-04 02:56:47,179 basehttp "GET /api/v1/user/login/?next=/api/v1/dataupload/upload/ HTTP/1.1" 200 3973
INFO 2024-10-04 02:56:47,777 basehttp "GET /api/v1/dataupload/navigation/ HTTP/1.1" 302 0
INFO 2024-10-04 02:56:47,783 basehttp "GET /api/v1/user/login/?next=/api/v1/dataupload/navigation/ HTTP/1.1" 200 3973
INFO 2024-10-04 02:56:48,247 basehttp "GET /api/v1/visualizations/employee-count-by-designation-view/ HTTP/1.1" 302 0
INFO 2024-10-04 02:56:48,251 basehttp "GET /api/v1/user/login/?next=/api/v1/visualizations/employee-count-by-designation-view/ HTTP/1.1" 200 3973
INFO 2024-10-04 02:56:49,446 basehttp "GET /api/v1/visualizations/employees/ HTTP/1.1" 302 0
INFO 2024-10-04 02:56:49,452 basehttp "GET /api/v1/user/login/?next=/api/v1/visualizations/employees/ HTTP/1.1" 200 3973
INFO 2024-10-04 02:56:50,445 basehttp "GET /api/v1/visualizations/d3_visualization/ HTTP/1.1" 302 0
INFO 2024-10-04 02:56:50,451 basehttp "GET /api/v1/user/login/?next=/api/v1/visualizations/d3_visualization/ HTTP/1.1" 200 3973
INFO 2024-10-04 02:56:51,385 basehttp "GET /api/v1/user/login/ HTTP/1.1" 200 3973
INFO 2024-10-04 02:56:55,007 basehttp "POST /api/v1/user/login/ HTTP/1.1" 302 0
INFO 2024-10-04 02:56:55,020 basehttp "GET /api/v1/dataupload/ HTTP/1.1" 200 3502
INFO 2024-10-04 02:56:58,033 basehttp "GET /api/v1/dataupload/upload/ HTTP/1.1" 200 3958
INFO 2024-10-04 02:57:06,458 basehttp "POST /api/v1/dataupload/upload/ HTTP/1.1" 200 51
INFO 2024-10-04 02:57:15,127 basehttp "GET /api/v1/dataupload/upload/ HTTP/1.1" 200 3958
INFO 2024-10-04 02:57:17,830 basehttp "GET /api/v1/visualizations/d3_visualization/ HTTP/1.1" 200 9664
INFO 2024-10-04 02:57:19,752 basehttp "GET /api/v1/visualizations/leave-heatmap/ HTTP/1.1" 200 14241
INFO 2024-10-04 02:57:23,762 basehttp "GET /api/v1/dataupload/navigation/ HTTP/1.1" 200 4327
INFO 2024-10-04 02:57:24,632 basehttp "GET /api/v1/dataupload/upload/ HTTP/1.1" 200 3958
INFO 2024-10-04 02:57:25,903 basehttp "GET /api/v1/visualizations/employees/ HTTP/1.1" 200 215983
INFO 2024-10-04 02:58:57,007 autoreload /app/user/views.py changed, reloading.
INFO 2024-10-04 02:58:57,375 autoreload Watching for file changes with StatReloader
INFO 2024-10-04 02:59:23,303 autoreload /app/user/views.py changed, reloading.
INFO 2024-10-04 02:59:23,624 autoreload Watching for file changes with StatReloader
INFO 2024-10-04 03:01:02,920 autoreload /app/user/views.py changed, reloading.
INFO 2024-10-04 03:01:03,300 autoreload Watching for file changes with StatReloader
ERROR 2024-10-04 03:01:08,945 log Internal Server Error: /api/v1/user/login/
Traceback (most recent call last):
  File "/usr/local/lib/python3.9/site-packages/django/core/handlers/exception.py", line 55, in inner
    response = get_response(request)
  File "/usr/local/lib/python3.9/site-packages/django/core/handlers/base.py", line 197, in _get_response
    response = wrapped_callback(request, *callback_args, **callback_kwargs)
  File "/usr/local/lib/python3.9/site-packages/django/views/decorators/csrf.py", line 56, in wrapper_view
    return view_func(*args, **kwargs)
  File "/app/user/views.py", line 13, in login_view
    data = json.loads(request.body)
  File "/usr/local/lib/python3.9/json/__init__.py", line 346, in loads
    return _default_decoder.decode(s)
  File "/usr/local/lib/python3.9/json/decoder.py", line 337, in decode
    obj, end = self.raw_decode(s, idx=_w(s, 0).end())
  File "/usr/local/lib/python3.9/json/decoder.py", line 355, in raw_decode
    raise JSONDecodeError("Expecting value", s, err.value) from None
json.decoder.JSONDecodeError: Expecting value: line 1 column 1 (char 0)
ERROR 2024-10-04 03:01:08,946 basehttp "POST /api/v1/user/login/ HTTP/1.1" 500 75962
INFO 2024-10-04 03:01:59,480 basehttp "GET /api/v1/user/logout/ HTTP/1.1" 200 3973
ERROR 2024-10-04 03:02:02,766 log Internal Server Error: /api/v1/user/login/
Traceback (most recent call last):
  File "/usr/local/lib/python3.9/site-packages/django/core/handlers/exception.py", line 55, in inner
    response = get_response(request)
  File "/usr/local/lib/python3.9/site-packages/django/core/handlers/base.py", line 197, in _get_response
    response = wrapped_callback(request, *callback_args, **callback_kwargs)
  File "/usr/local/lib/python3.9/site-packages/django/views/decorators/csrf.py", line 56, in wrapper_view
    return view_func(*args, **kwargs)
  File "/app/user/views.py", line 13, in login_view
    data = json.loads(request.body)
  File "/usr/local/lib/python3.9/json/__init__.py", line 346, in loads
    return _default_decoder.decode(s)
  File "/usr/local/lib/python3.9/json/decoder.py", line 337, in decode
    obj, end = self.raw_decode(s, idx=_w(s, 0).end())
  File "/usr/local/lib/python3.9/json/decoder.py", line 355, in raw_decode
    raise JSONDecodeError("Expecting value", s, err.value) from None
json.decoder.JSONDecodeError: Expecting value: line 1 column 1 (char 0)
ERROR 2024-10-04 03:02:02,767 basehttp "POST /api/v1/user/login/ HTTP/1.1" 500 78274
INFO 2024-10-04 03:02:27,373 autoreload /app/user/views.py changed, reloading.
INFO 2024-10-04 03:02:27,724 autoreload Watching for file changes with StatReloader
INFO 2024-10-04 03:02:39,167 basehttp "POST /api/v1/user/login/ HTTP/1.1" 302 0
INFO 2024-10-04 03:02:39,181 basehttp "GET /api/v1/dataupload/ HTTP/1.1" 200 3502
INFO 2024-10-04 03:02:41,115 basehttp "GET /api/v1/user/logout/ HTTP/1.1" 200 3973
INFO 2024-10-04 03:02:45,204 basehttp "POST /api/v1/user/login/ HTTP/1.1" 200 4035
INFO 2024-10-04 03:03:53,413 basehttp "POST /api/v1/user/login/ HTTP/1.1" 302 0
INFO 2024-10-04 03:03:53,424 basehttp "GET /api/v1/dataupload/ HTTP/1.1" 200 3502
INFO 2024-10-04 03:10:32,468 basehttp "GET /api/v1/dataupload/ HTTP/1.1" 302 0
INFO 2024-10-04 03:11:30,278 basehttp "GET /api/v1/dataupload/ HTTP/1.1" 302 0
INFO 2024-10-04 03:12:30,005 basehttp "GET /api/v1/dataupload/ HTTP/1.1" 200 3502
INFO 2024-10-04 03:12:30,988 basehttp "GET /api/v1/dataupload/ HTTP/1.1" 200 3502
INFO 2024-10-04 03:13:10,263 basehttp "GET /api/v1/dataupload/ HTTP/1.1" 200 3502
INFO 2024-10-04 03:13:26,964 basehttp "GET /api/v1/dataupload/ HTTP/1.1" 302 0
INFO 2024-10-04 03:13:33,973 basehttp "GET /api/v1/dataupload/ HTTP/1.1" 302 0
INFO 2024-10-04 03:15:14,651 basehttp "GET /api/v1/dataupload/ HTTP/1.1" 302 0
INFO 2024-10-04 03:16:25,226 basehttp "GET /api/v1/dataupload/ HTTP/1.1" 200 3502
INFO 2024-10-04 03:18:18,121 autoreload /app/leavemgt/settings.py changed, reloading.
INFO 2024-10-04 03:18:18,497 autoreload Watching for file changes with StatReloader
INFO 2024-10-04 03:20:31,489 autoreload /app/user/views.py changed, reloading.
INFO 2024-10-04 03:20:31,849 autoreload Watching for file changes with StatReloader
INFO 2024-10-04 03:21:35,013 autoreload /app/user/urls.py changed, reloading.
INFO 2024-10-04 03:21:35,585 autoreload Watching for file changes with StatReloader
INFO 2024-10-04 03:21:37,243 autoreload /app/user/views.py changed, reloading.
INFO 2024-10-04 03:21:37,615 autoreload Watching for file changes with StatReloader
INFO 2024-10-04 03:22:13,777 autoreload Watching for file changes with StatReloader
INFO 2024-10-04 03:22:21,470 basehttp "GET /api/v1/dataupload/ HTTP/1.1" 200 3502
INFO 2024-10-04 03:22:22,295 basehttp "GET /api/v1/dataupload/ HTTP/1.1" 200 3502
INFO 2024-10-04 03:22:22,495 basehttp "GET /api/v1/dataupload/ HTTP/1.1" 200 3502
INFO 2024-10-04 03:22:25,445 basehttp "GET /api/v1/dataupload/ HTTP/1.1" 200 3502
INFO 2024-10-04 03:22:26,207 basehttp "GET /api/v1/dataupload/upload/ HTTP/1.1" 200 3958
INFO 2024-10-04 03:22:27,306 basehttp "GET /api/v1/dataupload/navigation/ HTTP/1.1" 200 4327
INFO 2024-10-04 03:22:28,520 basehttp "GET /api/v1/visualizations/employee-count-by-designation-view/ HTTP/1.1" 200 11751
INFO 2024-10-04 03:22:28,587 basehttp "GET /api/v1/visualizations/employee-count-by-designation/?department=all HTTP/1.1" 200 1758
INFO 2024-10-04 03:22:28,647 basehttp "GET /api/v1/visualizations/employee_leave_trend/?start_date=2024-09-20&end_date=2024-10-04 HTTP/1.1" 200 2
INFO 2024-10-04 03:22:28,647 basehttp "GET /api/v1/visualizations/leave_type_distribution/ HTTP/1.1" 200 309
INFO 2024-10-04 03:22:29,539 basehttp "GET /api/v1/visualizations/employees/ HTTP/1.1" 200 215983
INFO 2024-10-04 03:22:30,290 basehttp "GET /api/v1/visualizations/d3_visualization/ HTTP/1.1" 200 9664
INFO 2024-10-04 03:22:30,464 basehttp "GET /api/v1/visualizations/leave-heatmap/ HTTP/1.1" 200 14241
INFO 2024-10-04 03:22:31,643 basehttp "GET /api/v1/dataupload/upload/ HTTP/1.1" 200 3958
INFO 2024-10-04 03:22:32,903 basehttp "GET /api/v1/dataupload/ HTTP/1.1" 200 3502
INFO 2024-10-04 03:22:33,825 basehttp "GET /api/v1/dataupload/navigation/ HTTP/1.1" 200 4327
INFO 2024-10-04 03:22:34,501 basehttp "GET /api/v1/dataupload/upload/ HTTP/1.1" 200 3958
INFO 2024-10-04 03:36:39,828 autoreload /app/user/middleware.py changed, reloading.
INFO 2024-10-04 03:36:40,176 autoreload Watching for file changes with StatReloader
INFO 2024-10-04 03:38:13,010 autoreload /app/user/middleware.py changed, reloading.
INFO 2024-10-04 03:38:13,374 autoreload Watching for file changes with StatReloader
INFO 2024-10-04 03:39:59,663 autoreload /app/apidataupload/views.py changed, reloading.
INFO 2024-10-04 03:40:00,061 autoreload Watching for file changes with StatReloader
INFO 2024-10-04 03:40:19,093 basehttp "GET /api/v1/dataupload/ HTTP/1.1" 200 3502
INFO 2024-10-04 03:40:21,726 basehttp "GET /api/v1/dataupload/upload/ HTTP/1.1" 200 3958
INFO 2024-10-04 03:40:22,318 basehttp "GET /api/v1/dataupload/ HTTP/1.1" 200 3502
INFO 2024-10-04 03:40:37,316 basehttp "GET /api/v1/dataupload/upload/ HTTP/1.1" 200 3958
INFO 2024-10-04 03:40:39,238 basehttp "GET /api/v1/dataupload/ HTTP/1.1" 200 3502
INFO 2024-10-04 03:43:39,364 autoreload /app/apidataupload/views.py changed, reloading.
INFO 2024-10-04 03:43:39,729 autoreload Watching for file changes with StatReloader
INFO 2024-10-04 03:43:48,551 autoreload /app/apidataupload/views.py changed, reloading.
INFO 2024-10-04 03:43:48,938 autoreload Watching for file changes with StatReloader
INFO 2024-10-04 03:43:56,346 basehttp "GET /api/v1/dataupload/ HTTP/1.1" 200 3502
INFO 2024-10-04 03:43:57,844 basehttp "GET /api/v1/dataupload/ HTTP/1.1" 200 3502
INFO 2024-10-04 03:44:05,637 basehttp "GET /api/v1/dataupload/upload/ HTTP/1.1" 200 3958
INFO 2024-10-04 03:44:06,209 basehttp "GET /api/v1/dataupload/upload/ HTTP/1.1" 200 3958
WARNING 2024-10-04 03:44:06,843 log Method Not Allowed: /api/v1/user/logout/
WARNING 2024-10-04 03:44:06,844 basehttp "GET /api/v1/user/logout/ HTTP/1.1" 405 5616
INFO 2024-10-04 03:44:06,887 basehttp "GET /static/rest_framework/css/default.css HTTP/1.1" 200 1152
INFO 2024-10-04 03:44:06,888 basehttp "GET /static/rest_framework/css/bootstrap-tweaks.css HTTP/1.1" 200 3426
INFO 2024-10-04 03:44:06,888 basehttp "GET /static/rest_framework/css/prettify.css HTTP/1.1" 200 817
INFO 2024-10-04 03:44:06,890 basehttp "GET /static/rest_framework/js/ajax-form.js HTTP/1.1" 200 3796
INFO 2024-10-04 03:44:06,892 basehttp "GET /static/rest_framework/js/jquery-3.7.1.min.js HTTP/1.1" 200 87533
INFO 2024-10-04 03:44:06,899 basehttp "GET /static/rest_framework/css/bootstrap.min.css HTTP/1.1" 200 121457
INFO 2024-10-04 03:44:06,899 basehttp "GET /static/rest_framework/js/csrf.js HTTP/1.1" 200 1793
INFO 2024-10-04 03:44:06,901 basehttp "GET /static/rest_framework/js/default.js HTTP/1.1" 200 1268
INFO 2024-10-04 03:44:06,901 basehttp "GET /static/rest_framework/js/load-ajax-form.js HTTP/1.1" 200 59
INFO 2024-10-04 03:44:06,901 basehttp "GET /static/rest_framework/js/prettify-min.js HTTP/1.1" 200 13632
INFO 2024-10-04 03:44:06,904 basehttp "GET /static/rest_framework/js/bootstrap.min.js HTTP/1.1" 200 39680
INFO 2024-10-04 03:44:06,918 basehttp "GET /static/rest_framework/img/grid.png HTTP/1.1" 200 1458
WARNING 2024-10-04 03:44:18,899 log Method Not Allowed: /api/v1/user/logout/
WARNING 2024-10-04 03:44:18,900 basehttp "GET /api/v1/user/logout/ HTTP/1.1" 405 5616
INFO 2024-10-04 03:44:29,787 autoreload /app/user/views.py changed, reloading.
INFO 2024-10-04 03:44:30,181 autoreload Watching for file changes with StatReloader
INFO 2024-10-04 03:44:33,811 autoreload /app/user/urls.py changed, reloading.
INFO 2024-10-04 03:44:34,167 autoreload Watching for file changes with StatReloader
INFO 2024-10-04 03:44:36,483 basehttp "GET /api/v1/user/logout/ HTTP/1.1" 200 3973
INFO 2024-10-04 03:44:38,702 basehttp "GET /api/v1/user/login/ HTTP/1.1" 200 3973
INFO 2024-10-04 03:44:40,573 basehttp "GET /api/v1/dataupload/ HTTP/1.1" 302 0
INFO 2024-10-04 03:44:40,576 basehttp "GET /api/v1/user/login/?next=/api/v1/dataupload/ HTTP/1.1" 200 3973
INFO 2024-10-04 03:44:41,174 basehttp "GET /api/v1/dataupload/upload/ HTTP/1.1" 302 0
INFO 2024-10-04 03:44:41,180 basehttp "GET /api/v1/user/login/?next=/api/v1/dataupload/upload/ HTTP/1.1" 200 3973
INFO 2024-10-04 03:44:41,596 basehttp "GET /api/v1/dataupload/navigation/ HTTP/1.1" 302 0
INFO 2024-10-04 03:44:41,614 basehttp "GET /api/v1/user/login/?next=/api/v1/dataupload/navigation/ HTTP/1.1" 200 3973
INFO 2024-10-04 03:44:41,953 basehttp "GET /api/v1/visualizations/employee-count-by-designation-view/ HTTP/1.1" 302 0
INFO 2024-10-04 03:44:41,959 basehttp "GET /api/v1/user/login/?next=/api/v1/visualizations/employee-count-by-designation-view/ HTTP/1.1" 200 3973
INFO 2024-10-04 03:44:42,385 basehttp "GET /api/v1/visualizations/employees/ HTTP/1.1" 302 0
INFO 2024-10-04 03:44:42,391 basehttp "GET /api/v1/user/login/?next=/api/v1/visualizations/employees/ HTTP/1.1" 200 3973
INFO 2024-10-04 03:44:42,739 basehttp "GET /api/v1/visualizations/d3_visualization/ HTTP/1.1" 302 0
INFO 2024-10-04 03:44:42,744 basehttp "GET /api/v1/user/login/?next=/api/v1/visualizations/d3_visualization/ HTTP/1.1" 200 3973
INFO 2024-10-04 03:44:43,511 basehttp "GET /api/v1/user/login/ HTTP/1.1" 200 3973
INFO 2024-10-04 03:44:47,631 basehttp "POST /api/v1/user/login/ HTTP/1.1" 302 0
INFO 2024-10-04 03:44:47,641 basehttp "GET /api/v1/dataupload/ HTTP/1.1" 200 3502
INFO 2024-10-04 03:45:41,403 basehttp "GET /api/v1/dataupload/ HTTP/1.1" 302 0
INFO 2024-10-04 03:46:13,005 basehttp "GET /api/v1/dataupload/ HTTP/1.1" 200 3502
INFO 2024-10-04 03:46:13,541 basehttp "GET /api/v1/dataupload/ HTTP/1.1" 200 3502
INFO 2024-10-04 03:46:13,678 basehttp "GET /api/v1/dataupload/ HTTP/1.1" 200 3502
WARNING 2024-10-04 03:47:16,414 log Not Found: /api/v1/dataupload/nativation
WARNING 2024-10-04 03:47:16,414 basehttp "GET /api/v1/dataupload/nativation HTTP/1.1" 404 3154
INFO 2024-10-04 03:48:45,812 autoreload /app/user/decorator.py changed, reloading.
INFO 2024-10-04 03:48:46,187 autoreload Watching for file changes with StatReloader
INFO 2024-10-04 03:50:03,977 autoreload /app/user/decorator.py changed, reloading.
INFO 2024-10-04 03:50:04,373 autoreload Watching for file changes with StatReloader
INFO 2024-10-04 03:50:28,739 autoreload /app/apidataupload/views.py changed, reloading.
INFO 2024-10-04 03:50:29,093 autoreload Watching for file changes with StatReloader
INFO 2024-10-04 03:50:40,672 basehttp "GET /api/v1/dataupload/ HTTP/1.1" 200 3502
INFO 2024-10-04 03:50:41,485 basehttp "GET /api/v1/dataupload/upload/ HTTP/1.1" 200 3958
INFO 2024-10-04 03:50:42,551 basehttp "GET /api/v1/user/logout/ HTTP/1.1" 200 3973
WARNING 2024-10-04 03:50:44,424 log Forbidden (Permission denied): /api/v1/dataupload/
Traceback (most recent call last):
  File "/usr/local/lib/python3.9/site-packages/django/core/handlers/exception.py", line 55, in inner
    response = get_response(request)
  File "/usr/local/lib/python3.9/site-packages/django/core/handlers/base.py", line 197, in _get_response
    response = wrapped_callback(request, *callback_args, **callback_kwargs)
  File "/app/user/decorator.py", line 27, in _wrapped_view
    raise PermissionDenied("Authentication credentials were not provided.")
django.core.exceptions.PermissionDenied: Authentication credentials were not provided.
WARNING 2024-10-04 03:50:44,425 basehttp "GET /api/v1/dataupload/ HTTP/1.1" 403 135
INFO 2024-10-04 03:50:47,122 basehttp "GET /api/v1/dataupload/upload/ HTTP/1.1" 302 0
INFO 2024-10-04 03:50:47,127 basehttp "GET /api/v1/user/login/?next=/api/v1/dataupload/upload/ HTTP/1.1" 200 3973
INFO 2024-10-04 03:50:48,551 basehttp "GET /api/v1/dataupload/navigation/ HTTP/1.1" 302 0
INFO 2024-10-04 03:50:48,556 basehttp "GET /api/v1/user/login/?next=/api/v1/dataupload/navigation/ HTTP/1.1" 200 3973
INFO 2024-10-04 03:50:49,006 basehttp "GET /api/v1/visualizations/employee-count-by-designation-view/ HTTP/1.1" 302 0
INFO 2024-10-04 03:50:49,010 basehttp "GET /api/v1/user/login/?next=/api/v1/visualizations/employee-count-by-designation-view/ HTTP/1.1" 200 3973
INFO 2024-10-04 03:50:49,399 basehttp "GET /api/v1/visualizations/employees/ HTTP/1.1" 302 0
INFO 2024-10-04 03:50:49,416 basehttp "GET /api/v1/user/login/?next=/api/v1/visualizations/employees/ HTTP/1.1" 200 3973
INFO 2024-10-04 03:50:49,878 basehttp "GET /api/v1/visualizations/d3_visualization/ HTTP/1.1" 302 0
INFO 2024-10-04 03:50:49,895 basehttp "GET /api/v1/user/login/?next=/api/v1/visualizations/d3_visualization/ HTTP/1.1" 200 3973
INFO 2024-10-04 03:50:50,320 basehttp "GET /api/v1/user/login/ HTTP/1.1" 200 3973
WARNING 2024-10-04 03:50:51,226 log Forbidden (Permission denied): /api/v1/dataupload/
Traceback (most recent call last):
  File "/usr/local/lib/python3.9/site-packages/django/core/handlers/exception.py", line 55, in inner
    response = get_response(request)
  File "/usr/local/lib/python3.9/site-packages/django/core/handlers/base.py", line 197, in _get_response
    response = wrapped_callback(request, *callback_args, **callback_kwargs)
  File "/app/user/decorator.py", line 27, in _wrapped_view
    raise PermissionDenied("Authentication credentials were not provided.")
django.core.exceptions.PermissionDenied: Authentication credentials were not provided.
WARNING 2024-10-04 03:50:51,227 basehttp "GET /api/v1/dataupload/ HTTP/1.1" 403 135
INFO 2024-10-04 03:52:07,591 autoreload /app/user/decorator.py changed, reloading.
INFO 2024-10-04 03:52:07,965 autoreload Watching for file changes with StatReloader
INFO 2024-10-04 03:52:12,485 basehttp "GET /api/v1/dataupload/upload/ HTTP/1.1" 302 0
INFO 2024-10-04 03:52:12,492 basehttp "GET /api/v1/user/login/?next=/api/v1/dataupload/upload/ HTTP/1.1" 200 3973
INFO 2024-10-04 03:52:12,996 basehttp "GET /api/v1/dataupload/navigation/ HTTP/1.1" 302 0
INFO 2024-10-04 03:52:13,001 basehttp "GET /api/v1/user/login/?next=/api/v1/dataupload/navigation/ HTTP/1.1" 200 3973
INFO 2024-10-04 03:52:13,446 basehttp "GET /api/v1/visualizations/employee-count-by-designation-view/ HTTP/1.1" 302 0
INFO 2024-10-04 03:52:13,465 basehttp "GET /api/v1/user/login/?next=/api/v1/visualizations/employee-count-by-designation-view/ HTTP/1.1" 200 3973
INFO 2024-10-04 03:52:14,247 basehttp "GET /api/v1/dataupload/ HTTP/1.1" 302 0
INFO 2024-10-04 03:52:14,252 basehttp "GET /api/v1/user/login/ HTTP/1.1" 200 3973
INFO 2024-10-04 03:52:14,984 basehttp "GET /api/v1/dataupload/ HTTP/1.1" 302 0
INFO 2024-10-04 03:52:14,988 basehttp "GET /api/v1/user/login/ HTTP/1.1" 200 3973
INFO 2024-10-04 03:52:15,424 basehttp "GET /api/v1/dataupload/ HTTP/1.1" 302 0
INFO 2024-10-04 03:52:15,426 basehttp "GET /api/v1/user/login/ HTTP/1.1" 200 3973
INFO 2024-10-04 03:52:15,592 basehttp "GET /api/v1/dataupload/ HTTP/1.1" 302 0
INFO 2024-10-04 03:52:15,594 basehttp "GET /api/v1/user/login/ HTTP/1.1" 200 3973
INFO 2024-10-04 03:52:22,424 basehttp "POST /api/v1/user/login/ HTTP/1.1" 302 0
INFO 2024-10-04 03:52:22,435 basehttp "GET /api/v1/dataupload/ HTTP/1.1" 200 3502
INFO 2024-10-04 03:53:27,991 basehttp "GET /api/v1/dataupload/ HTTP/1.1" 200 3502
ERROR 2024-10-04 03:53:44,768 log Internal Server Error: /api/v1/dataupload/
Traceback (most recent call last):
  File "/app/user/decorator.py", line 21, in _wrapped_view
    validated_token = jwt.decode(token, settings.SECRET_KEY, algorithms=["HS256"])
  File "/usr/local/lib/python3.9/site-packages/jwt/api_jwt.py", line 210, in decode
    decoded = self.decode_complete(
  File "/usr/local/lib/python3.9/site-packages/jwt/api_jwt.py", line 151, in decode_complete
    decoded = api_jws.decode_complete(
  File "/usr/local/lib/python3.9/site-packages/jwt/api_jws.py", line 209, in decode_complete
    self._verify_signature(signing_input, header, signature, key, algorithms)
  File "/usr/local/lib/python3.9/site-packages/jwt/api_jws.py", line 310, in _verify_signature
    raise InvalidSignatureError("Signature verification failed")
jwt.exceptions.InvalidSignatureError: Signature verification failed

During handling of the above exception, another exception occurred:

Traceback (most recent call last):
  File "/usr/local/lib/python3.9/site-packages/django/core/handlers/exception.py", line 55, in inner
    response = get_response(request)
  File "/usr/local/lib/python3.9/site-packages/django/core/handlers/base.py", line 197, in _get_response
    response = wrapped_callback(request, *callback_args, **callback_kwargs)
  File "/app/user/decorator.py", line 25, in _wrapped_view
    except (jwt.ExpiredSignatureError, jwt.DecodeError, User.DoesNotExist) as e:
NameError: name 'User' is not defined
ERROR 2024-10-04 03:53:44,769 basehttp "GET /api/v1/dataupload/ HTTP/1.1" 500 90343
ERROR 2024-10-04 03:53:48,258 log Internal Server Error: /api/v1/dataupload/
Traceback (most recent call last):
  File "/app/user/decorator.py", line 21, in _wrapped_view
    validated_token = jwt.decode(token, settings.SECRET_KEY, algorithms=["HS256"])
  File "/usr/local/lib/python3.9/site-packages/jwt/api_jwt.py", line 210, in decode
    decoded = self.decode_complete(
  File "/usr/local/lib/python3.9/site-packages/jwt/api_jwt.py", line 151, in decode_complete
    decoded = api_jws.decode_complete(
  File "/usr/local/lib/python3.9/site-packages/jwt/api_jws.py", line 209, in decode_complete
    self._verify_signature(signing_input, header, signature, key, algorithms)
  File "/usr/local/lib/python3.9/site-packages/jwt/api_jws.py", line 310, in _verify_signature
    raise InvalidSignatureError("Signature verification failed")
jwt.exceptions.InvalidSignatureError: Signature verification failed

During handling of the above exception, another exception occurred:

Traceback (most recent call last):
  File "/usr/local/lib/python3.9/site-packages/django/core/handlers/exception.py", line 55, in inner
    response = get_response(request)
  File "/usr/local/lib/python3.9/site-packages/django/core/handlers/base.py", line 197, in _get_response
    response = wrapped_callback(request, *callback_args, **callback_kwargs)
  File "/app/user/decorator.py", line 25, in _wrapped_view
    except (jwt.ExpiredSignatureError, jwt.DecodeError, User.DoesNotExist) as e:
NameError: name 'User' is not defined
ERROR 2024-10-04 03:53:48,259 basehttp "GET /api/v1/dataupload/ HTTP/1.1" 500 90405
INFO 2024-10-04 03:53:57,944 basehttp "GET /api/v1/dataupload/ HTTP/1.1" 200 3502
ERROR 2024-10-04 03:54:02,849 log Internal Server Error: /api/v1/dataupload/
Traceback (most recent call last):
  File "/app/user/decorator.py", line 21, in _wrapped_view
    validated_token = jwt.decode(token, settings.SECRET_KEY, algorithms=["HS256"])
  File "/usr/local/lib/python3.9/site-packages/jwt/api_jwt.py", line 210, in decode
    decoded = self.decode_complete(
  File "/usr/local/lib/python3.9/site-packages/jwt/api_jwt.py", line 151, in decode_complete
    decoded = api_jws.decode_complete(
  File "/usr/local/lib/python3.9/site-packages/jwt/api_jws.py", line 209, in decode_complete
    self._verify_signature(signing_input, header, signature, key, algorithms)
  File "/usr/local/lib/python3.9/site-packages/jwt/api_jws.py", line 310, in _verify_signature
    raise InvalidSignatureError("Signature verification failed")
jwt.exceptions.InvalidSignatureError: Signature verification failed

During handling of the above exception, another exception occurred:

Traceback (most recent call last):
  File "/usr/local/lib/python3.9/site-packages/django/core/handlers/exception.py", line 55, in inner
    response = get_response(request)
  File "/usr/local/lib/python3.9/site-packages/django/core/handlers/base.py", line 197, in _get_response
    response = wrapped_callback(request, *callback_args, **callback_kwargs)
  File "/app/user/decorator.py", line 25, in _wrapped_view
    except (jwt.ExpiredSignatureError, jwt.DecodeError, User.DoesNotExist) as e:
NameError: name 'User' is not defined
ERROR 2024-10-04 03:54:02,849 basehttp "GET /api/v1/dataupload/ HTTP/1.1" 500 90405
INFO 2024-10-04 03:54:32,291 basehttp "GET /api/v1/dataupload/ HTTP/1.1" 200 3502
INFO 2024-10-04 03:54:47,534 basehttp "GET /api/v1/dataupload/ HTTP/1.1" 200 3502
INFO 2024-10-04 03:56:49,432 autoreload /app/apidataupload/views.py changed, reloading.
INFO 2024-10-04 03:56:49,840 autoreload Watching for file changes with StatReloader
INFO 2024-10-04 03:56:52,993 basehttp "GET /api/v1/dataupload/ HTTP/1.1" 200 3502
INFO 2024-10-04 03:56:53,502 basehttp "GET /api/v1/dataupload/upload/ HTTP/1.1" 200 3958
INFO 2024-10-04 03:56:54,520 basehttp "GET /api/v1/dataupload/navigation/ HTTP/1.1" 200 4327
INFO 2024-10-04 03:56:55,352 basehttp "GET /api/v1/visualizations/employee-count-by-designation-view/ HTTP/1.1" 200 11751
INFO 2024-10-04 03:56:55,435 basehttp "GET /api/v1/visualizations/employee-count-by-designation/?department=all HTTP/1.1" 200 1758
INFO 2024-10-04 03:56:55,471 basehttp "GET /api/v1/visualizations/employee_leave_trend/?start_date=2024-09-20&end_date=2024-10-04 HTTP/1.1" 200 2
INFO 2024-10-04 03:56:55,484 basehttp "GET /api/v1/visualizations/leave_type_distribution/ HTTP/1.1" 200 309
INFO 2024-10-04 03:56:56,221 basehttp "GET /api/v1/visualizations/employees/ HTTP/1.1" 200 215983
INFO 2024-10-04 03:56:56,799 basehttp "GET /api/v1/visualizations/d3_visualization/ HTTP/1.1" 200 9664
INFO 2024-10-04 03:56:56,976 basehttp "GET /api/v1/visualizations/leave-heatmap/ HTTP/1.1" 200 14241
INFO 2024-10-04 03:56:57,438 basehttp "GET /api/v1/user/logout/ HTTP/1.1" 200 3973
INFO 2024-10-04 03:56:59,763 basehttp "GET /api/v1/dataupload/ HTTP/1.1" 302 0
INFO 2024-10-04 03:56:59,782 basehttp "GET /api/v1/user/login/ HTTP/1.1" 200 3973
INFO 2024-10-04 03:57:00,304 basehttp "GET /api/v1/dataupload/upload/ HTTP/1.1" 302 0
INFO 2024-10-04 03:57:00,310 basehttp "GET /api/v1/user/login/ HTTP/1.1" 200 3973
INFO 2024-10-04 03:57:00,761 basehttp "GET /api/v1/dataupload/navigation/ HTTP/1.1" 302 0
INFO 2024-10-04 03:57:00,779 basehttp "GET /api/v1/user/login/ HTTP/1.1" 200 3973
INFO 2024-10-04 03:57:01,099 basehttp "GET /api/v1/visualizations/employee-count-by-designation-view/ HTTP/1.1" 302 0
INFO 2024-10-04 03:57:01,104 basehttp "GET /api/v1/user/login/?next=/api/v1/visualizations/employee-count-by-designation-view/ HTTP/1.1" 200 3973
INFO 2024-10-04 03:57:01,570 basehttp "GET /api/v1/visualizations/d3_visualization/ HTTP/1.1" 302 0
INFO 2024-10-04 03:57:01,576 basehttp "GET /api/v1/user/login/?next=/api/v1/visualizations/d3_visualization/ HTTP/1.1" 200 3973
INFO 2024-10-04 03:57:02,026 basehttp "GET /api/v1/visualizations/employees/ HTTP/1.1" 302 0
INFO 2024-10-04 03:57:02,031 basehttp "GET /api/v1/user/login/?next=/api/v1/visualizations/employees/ HTTP/1.1" 200 3973
INFO 2024-10-04 03:57:02,449 basehttp "GET /api/v1/visualizations/d3_visualization/ HTTP/1.1" 302 0
INFO 2024-10-04 03:57:02,454 basehttp "GET /api/v1/user/login/?next=/api/v1/visualizations/d3_visualization/ HTTP/1.1" 200 3973
INFO 2024-10-04 03:57:03,088 basehttp "GET /api/v1/user/login/ HTTP/1.1" 200 3973
INFO 2024-10-04 03:57:09,360 basehttp "POST /api/v1/user/login/ HTTP/1.1" 302 0
INFO 2024-10-04 03:57:09,372 basehttp "GET /api/v1/dataupload/ HTTP/1.1" 200 3502
INFO 2024-10-04 04:04:45,804 basehttp "GET /api/v1/dataupload/upload/ HTTP/1.1" 200 3958
INFO 2024-10-04 04:04:46,694 basehttp "GET /api/v1/dataupload/navigation/ HTTP/1.1" 200 4327
INFO 2024-10-04 04:04:47,215 basehttp "GET /api/v1/visualizations/employee-count-by-designation-view/ HTTP/1.1" 200 11751
INFO 2024-10-04 04:04:47,243 basehttp "GET /api/v1/visualizations/employee-count-by-designation/?department=all HTTP/1.1" 200 1758
INFO 2024-10-04 04:04:47,271 basehttp "GET /api/v1/visualizations/employee_leave_trend/?start_date=2024-09-20&end_date=2024-10-04 HTTP/1.1" 200 2
INFO 2024-10-04 04:04:47,283 basehttp "GET /api/v1/visualizations/leave_type_distribution/ HTTP/1.1" 200 309
INFO 2024-10-04 04:06:25,293 autoreload /app/user/middleware.py changed, reloading.
INFO 2024-10-04 04:06:25,681 autoreload Watching for file changes with StatReloader
INFO 2024-10-04 04:33:07,999 autoreload /app/leavemgt/settings.py changed, reloading.
INFO 2024-10-04 04:33:08,440 autoreload Watching for file changes with StatReloader
INFO 2024-10-04 04:33:22,164 basehttp "GET /api/v1/dataupload/ HTTP/1.1" 200 3502
INFO 2024-10-04 04:33:23,066 basehttp "GET /api/v1/dataupload/upload/ HTTP/1.1" 200 3958
INFO 2024-10-04 04:33:23,533 basehttp "GET /api/v1/dataupload/navigation/ HTTP/1.1" 200 4327
INFO 2024-10-04 04:33:23,865 basehttp "GET /api/v1/visualizations/employee-count-by-designation-view/ HTTP/1.1" 200 11751
INFO 2024-10-04 04:33:23,900 basehttp "GET /api/v1/visualizations/employee-count-by-designation/?department=all HTTP/1.1" 200 1758
INFO 2024-10-04 04:33:23,953 basehttp "GET /api/v1/visualizations/employee_leave_trend/?start_date=2024-09-20&end_date=2024-10-04 HTTP/1.1" 200 2
INFO 2024-10-04 04:33:23,954 basehttp "GET /api/v1/visualizations/leave_type_distribution/ HTTP/1.1" 200 309
INFO 2024-10-04 04:33:24,624 basehttp "GET /api/v1/user/logout/ HTTP/1.1" 200 3973
INFO 2024-10-04 04:33:25,741 basehttp "GET /api/v1/dataupload/ HTTP/1.1" 302 0
INFO 2024-10-04 04:33:25,763 basehttp "GET /api/v1/user/login/ HTTP/1.1" 200 3973
INFO 2024-10-04 04:33:26,200 basehttp "GET /api/v1/dataupload/upload/ HTTP/1.1" 302 0
INFO 2024-10-04 04:33:26,205 basehttp "GET /api/v1/user/login/ HTTP/1.1" 200 3973
INFO 2024-10-04 04:33:26,858 basehttp "GET /api/v1/dataupload/navigation/ HTTP/1.1" 302 0
INFO 2024-10-04 04:33:26,863 basehttp "GET /api/v1/user/login/ HTTP/1.1" 200 3973
INFO 2024-10-04 04:33:27,216 basehttp "GET /api/v1/visualizations/employee-count-by-designation-view/ HTTP/1.1" 302 0
INFO 2024-10-04 04:33:27,231 basehttp "GET /api/v1/user/login/?next=/api/v1/visualizations/employee-count-by-designation-view/ HTTP/1.1" 200 3973
INFO 2024-10-04 04:33:27,577 basehttp "GET /api/v1/visualizations/employees/ HTTP/1.1" 302 0
INFO 2024-10-04 04:33:27,583 basehttp "GET /api/v1/user/login/?next=/api/v1/visualizations/employees/ HTTP/1.1" 200 3973
INFO 2024-10-04 04:33:27,886 basehttp "GET /api/v1/visualizations/d3_visualization/ HTTP/1.1" 302 0
INFO 2024-10-04 04:33:27,898 basehttp "GET /api/v1/user/login/?next=/api/v1/visualizations/d3_visualization/ HTTP/1.1" 200 3973
INFO 2024-10-04 04:33:28,304 basehttp "GET /api/v1/user/login/ HTTP/1.1" 200 3973
INFO 2024-10-04 04:33:29,087 basehttp "GET /api/v1/user/login/ HTTP/1.1" 200 3973
INFO 2024-10-04 04:33:29,255 basehttp "GET /api/v1/user/login/ HTTP/1.1" 200 3973
INFO 2024-10-04 04:33:29,438 basehttp "GET /api/v1/user/login/ HTTP/1.1" 200 3973
INFO 2024-10-04 04:33:29,599 basehttp "GET /api/v1/user/login/ HTTP/1.1" 200 3973
INFO 2024-10-04 04:33:29,781 basehttp "GET /api/v1/user/login/ HTTP/1.1" 200 3973
INFO 2024-10-04 04:33:30,471 basehttp "GET /api/v1/dataupload/ HTTP/1.1" 302 0
INFO 2024-10-04 04:33:30,473 basehttp "GET /api/v1/user/login/ HTTP/1.1" 200 3973
INFO 2024-10-04 04:33:30,902 basehttp "GET /api/v1/dataupload/upload/ HTTP/1.1" 302 0
INFO 2024-10-04 04:33:30,918 basehttp "GET /api/v1/user/login/ HTTP/1.1" 200 3973
INFO 2024-10-04 04:33:38,289 basehttp "GET /api/v1/dataupload/ HTTP/1.1" 200 3502
INFO 2024-10-04 04:33:53,836 basehttp "GET /api/v1/dataupload/ HTTP/1.1" 200 3502
INFO 2024-10-04 04:40:29,776 autoreload /app/apidataupload/views.py changed, reloading.
INFO 2024-10-04 04:40:30,210 autoreload Watching for file changes with StatReloader
INFO 2024-10-04 04:40:37,417 basehttp "GET /api/v1/dataupload/ HTTP/1.1" 302 0
INFO 2024-10-04 04:40:37,424 basehttp "GET /api/v1/user/login/ HTTP/1.1" 200 3973
INFO 2024-10-04 04:40:37,856 basehttp "GET /api/v1/dataupload/upload/ HTTP/1.1" 302 0
INFO 2024-10-04 04:40:37,862 basehttp "GET /api/v1/user/login/ HTTP/1.1" 200 3973
INFO 2024-10-04 04:40:38,217 basehttp "GET /api/v1/dataupload/navigation/ HTTP/1.1" 302 0
INFO 2024-10-04 04:40:38,219 basehttp "GET /api/v1/user/login/ HTTP/1.1" 200 3973
INFO 2024-10-04 04:40:38,500 basehttp "GET /api/v1/visualizations/employee-count-by-designation-view/ HTTP/1.1" 302 0
INFO 2024-10-04 04:40:38,502 basehttp "GET /api/v1/user/login/?next=/api/v1/visualizations/employee-count-by-designation-view/ HTTP/1.1" 200 3973
INFO 2024-10-04 04:40:39,049 basehttp "GET /api/v1/visualizations/d3_visualization/ HTTP/1.1" 302 0
INFO 2024-10-04 04:40:39,054 basehttp "GET /api/v1/user/login/?next=/api/v1/visualizations/d3_visualization/ HTTP/1.1" 200 3973
INFO 2024-10-04 04:40:39,390 basehttp "GET /api/v1/user/login/ HTTP/1.1" 200 3973
INFO 2024-10-04 04:40:44,258 basehttp "POST /api/v1/user/login/ HTTP/1.1" 302 0
INFO 2024-10-04 04:40:44,270 basehttp "GET /api/v1/dataupload/ HTTP/1.1" 200 3502
INFO 2024-10-04 04:40:46,274 basehttp "GET /api/v1/dataupload/navigation/ HTTP/1.1" 200 4327
ERROR 2024-10-04 04:40:48,131 log Internal Server Error: /api/v1/dataupload/api/
Traceback (most recent call last):
  File "/usr/local/lib/python3.9/site-packages/django/contrib/sessions/backends/base.py", line 187, in _get_session
    return self._session_cache
AttributeError: 'SessionStore' object has no attribute '_session_cache'

During handling of the above exception, another exception occurred:

Traceback (most recent call last):
  File "/usr/local/lib/python3.9/site-packages/django/core/handlers/exception.py", line 55, in inner
    response = get_response(request)
  File "/usr/local/lib/python3.9/site-packages/django/core/handlers/base.py", line 197, in _get_response
    response = wrapped_callback(request, *callback_args, **callback_kwargs)
  File "/usr/local/lib/python3.9/site-packages/asgiref/sync.py", line 254, in __call__
    return call_result.result()
  File "/usr/local/lib/python3.9/concurrent/futures/_base.py", line 439, in result
    return self.__get_result()
  File "/usr/local/lib/python3.9/concurrent/futures/_base.py", line 391, in __get_result
    raise self._exception
  File "/usr/local/lib/python3.9/site-packages/asgiref/sync.py", line 331, in main_wrap
    result = await self.awaitable(*args, **kwargs)
  File "/app/user/decorator.py", line 12, in _wrapped_view
    if request.user.is_authenticated:
  File "/usr/local/lib/python3.9/site-packages/django/utils/functional.py", line 266, in inner
    self._setup()
  File "/usr/local/lib/python3.9/site-packages/django/utils/functional.py", line 419, in _setup
    self._wrapped = self._setupfunc()
  File "/usr/local/lib/python3.9/site-packages/django/contrib/auth/middleware.py", line 25, in <lambda>
    request.user = SimpleLazyObject(lambda: get_user(request))
  File "/usr/local/lib/python3.9/site-packages/django/contrib/auth/middleware.py", line 11, in get_user
    request._cached_user = auth.get_user(request)
  File "/usr/local/lib/python3.9/site-packages/django/contrib/auth/__init__.py", line 191, in get_user
    user_id = _get_user_session_key(request)
  File "/usr/local/lib/python3.9/site-packages/django/contrib/auth/__init__.py", line 60, in _get_user_session_key
    return get_user_model()._meta.pk.to_python(request.session[SESSION_KEY])
  File "/usr/local/lib/python3.9/site-packages/django/contrib/sessions/backends/base.py", line 53, in __getitem__
    return self._session[key]
  File "/usr/local/lib/python3.9/site-packages/django/contrib/sessions/backends/base.py", line 192, in _get_session
    self._session_cache = self.load()
  File "/usr/local/lib/python3.9/site-packages/django/contrib/sessions/backends/db.py", line 42, in load
    s = self._get_session_from_db()
  File "/usr/local/lib/python3.9/site-packages/django/contrib/sessions/backends/db.py", line 32, in _get_session_from_db
    return self.model.objects.get(
  File "/usr/local/lib/python3.9/site-packages/django/db/models/manager.py", line 87, in manager_method
    return getattr(self.get_queryset(), name)(*args, **kwargs)
  File "/usr/local/lib/python3.9/site-packages/django/db/models/query.py", line 633, in get
    num = len(clone)
  File "/usr/local/lib/python3.9/site-packages/django/db/models/query.py", line 380, in __len__
    self._fetch_all()
  File "/usr/local/lib/python3.9/site-packages/django/db/models/query.py", line 1881, in _fetch_all
    self._result_cache = list(self._iterable_class(self))
  File "/usr/local/lib/python3.9/site-packages/django/db/models/query.py", line 91, in __iter__
    results = compiler.execute_sql(
  File "/usr/local/lib/python3.9/site-packages/django/db/models/sql/compiler.py", line 1560, in execute_sql
    cursor = self.connection.cursor()
  File "/usr/local/lib/python3.9/site-packages/django/utils/asyncio.py", line 24, in inner
    raise SynchronousOnlyOperation(message)
django.core.exceptions.SynchronousOnlyOperation: You cannot call this from an async context - use a thread or sync_to_async.
ERROR 2024-10-04 04:40:48,133 basehttp "GET /api/v1/dataupload/api/ HTTP/1.1" 500 142227
INFO 2024-10-04 04:40:57,233 basehttp "GET /api/v1/dataupload/upload/ HTTP/1.1" 200 3958
INFO 2024-10-04 04:41:19,828 basehttp "POST /api/v1/dataupload/upload/ HTTP/1.1" 200 51
INFO 2024-10-04 04:41:23,599 basehttp "GET /api/v1/dataupload/upload/ HTTP/1.1" 200 3958
INFO 2024-10-04 04:41:25,051 basehttp "GET /api/v1/dataupload/navigation/ HTTP/1.1" 200 4327
ERROR 2024-10-04 04:41:25,983 log Internal Server Error: /api/v1/dataupload/api/
Traceback (most recent call last):
  File "/usr/local/lib/python3.9/site-packages/django/contrib/sessions/backends/base.py", line 187, in _get_session
    return self._session_cache
AttributeError: 'SessionStore' object has no attribute '_session_cache'

During handling of the above exception, another exception occurred:

Traceback (most recent call last):
  File "/usr/local/lib/python3.9/site-packages/django/core/handlers/exception.py", line 55, in inner
    response = get_response(request)
  File "/usr/local/lib/python3.9/site-packages/django/core/handlers/base.py", line 197, in _get_response
    response = wrapped_callback(request, *callback_args, **callback_kwargs)
  File "/usr/local/lib/python3.9/site-packages/asgiref/sync.py", line 254, in __call__
    return call_result.result()
  File "/usr/local/lib/python3.9/concurrent/futures/_base.py", line 439, in result
    return self.__get_result()
  File "/usr/local/lib/python3.9/concurrent/futures/_base.py", line 391, in __get_result
    raise self._exception
  File "/usr/local/lib/python3.9/site-packages/asgiref/sync.py", line 331, in main_wrap
    result = await self.awaitable(*args, **kwargs)
  File "/app/user/decorator.py", line 12, in _wrapped_view
    if request.user.is_authenticated:
  File "/usr/local/lib/python3.9/site-packages/django/utils/functional.py", line 266, in inner
    self._setup()
  File "/usr/local/lib/python3.9/site-packages/django/utils/functional.py", line 419, in _setup
    self._wrapped = self._setupfunc()
  File "/usr/local/lib/python3.9/site-packages/django/contrib/auth/middleware.py", line 25, in <lambda>
    request.user = SimpleLazyObject(lambda: get_user(request))
  File "/usr/local/lib/python3.9/site-packages/django/contrib/auth/middleware.py", line 11, in get_user
    request._cached_user = auth.get_user(request)
  File "/usr/local/lib/python3.9/site-packages/django/contrib/auth/__init__.py", line 191, in get_user
    user_id = _get_user_session_key(request)
  File "/usr/local/lib/python3.9/site-packages/django/contrib/auth/__init__.py", line 60, in _get_user_session_key
    return get_user_model()._meta.pk.to_python(request.session[SESSION_KEY])
  File "/usr/local/lib/python3.9/site-packages/django/contrib/sessions/backends/base.py", line 53, in __getitem__
    return self._session[key]
  File "/usr/local/lib/python3.9/site-packages/django/contrib/sessions/backends/base.py", line 192, in _get_session
    self._session_cache = self.load()
  File "/usr/local/lib/python3.9/site-packages/django/contrib/sessions/backends/db.py", line 42, in load
    s = self._get_session_from_db()
  File "/usr/local/lib/python3.9/site-packages/django/contrib/sessions/backends/db.py", line 32, in _get_session_from_db
    return self.model.objects.get(
  File "/usr/local/lib/python3.9/site-packages/django/db/models/manager.py", line 87, in manager_method
    return getattr(self.get_queryset(), name)(*args, **kwargs)
  File "/usr/local/lib/python3.9/site-packages/django/db/models/query.py", line 633, in get
    num = len(clone)
  File "/usr/local/lib/python3.9/site-packages/django/db/models/query.py", line 380, in __len__
    self._fetch_all()
  File "/usr/local/lib/python3.9/site-packages/django/db/models/query.py", line 1881, in _fetch_all
    self._result_cache = list(self._iterable_class(self))
  File "/usr/local/lib/python3.9/site-packages/django/db/models/query.py", line 91, in __iter__
    results = compiler.execute_sql(
  File "/usr/local/lib/python3.9/site-packages/django/db/models/sql/compiler.py", line 1560, in execute_sql
    cursor = self.connection.cursor()
  File "/usr/local/lib/python3.9/site-packages/django/utils/asyncio.py", line 24, in inner
    raise SynchronousOnlyOperation(message)
django.core.exceptions.SynchronousOnlyOperation: You cannot call this from an async context - use a thread or sync_to_async.
ERROR 2024-10-04 04:41:25,985 basehttp "GET /api/v1/dataupload/api/ HTTP/1.1" 500 142230
INFO 2024-10-04 04:41:53,847 autoreload /app/apidataupload/views.py changed, reloading.
INFO 2024-10-04 04:41:54,265 autoreload Watching for file changes with StatReloader
INFO 2024-10-04 04:42:02,926 autoreload /app/apidataupload/views.py changed, reloading.
INFO 2024-10-04 04:42:03,291 autoreload Watching for file changes with StatReloader
INFO 2024-10-04 04:42:06,135 basehttp "GET /api/v1/dataupload/ HTTP/1.1" 200 3502
INFO 2024-10-04 04:42:06,633 basehttp "GET /api/v1/dataupload/upload/ HTTP/1.1" 200 3958
INFO 2024-10-04 04:42:07,186 basehttp "GET /api/v1/dataupload/navigation/ HTTP/1.1" 200 4327
INFO 2024-10-04 04:42:07,602 basehttp "GET /api/v1/visualizations/employee-count-by-designation-view/ HTTP/1.1" 200 11751
INFO 2024-10-04 04:42:07,652 basehttp "GET /api/v1/visualizations/employee-count-by-designation/?department=all HTTP/1.1" 200 1758
INFO 2024-10-04 04:42:07,671 basehttp "GET /api/v1/visualizations/employee_leave_trend/?start_date=2024-09-20&end_date=2024-10-04 HTTP/1.1" 200 2
INFO 2024-10-04 04:42:07,688 basehttp "GET /api/v1/visualizations/leave_type_distribution/ HTTP/1.1" 200 309
INFO 2024-10-04 04:42:08,329 basehttp "GET /api/v1/visualizations/employees/ HTTP/1.1" 200 215983
INFO 2024-10-04 04:42:08,804 basehttp "GET /api/v1/dataupload/navigation/ HTTP/1.1" 200 4327
INFO 2024-10-04 04:42:11,130 basehttp "GET /api/v1/dataupload/api/ HTTP/1.1" 200 52
INFO 2024-10-04 04:42:14,633 basehttp "GET /api/v1/visualizations/employee-count-by-designation-view/ HTTP/1.1" 200 11751
INFO 2024-10-04 04:42:14,670 basehttp "GET /api/v1/visualizations/employee-count-by-designation/?department=all HTTP/1.1" 200 1758
INFO 2024-10-04 04:42:14,692 basehttp "GET /api/v1/visualizations/employee_leave_trend/?start_date=2024-09-20&end_date=2024-10-04 HTTP/1.1" 200 2
INFO 2024-10-04 04:42:14,709 basehttp "GET /api/v1/visualizations/leave_type_distribution/ HTTP/1.1" 200 309
INFO 2024-10-04 04:42:15,345 basehttp "GET /api/v1/visualizations/employees/ HTTP/1.1" 200 215983
INFO 2024-10-04 04:42:15,802 basehttp "GET /api/v1/visualizations/d3_visualization/ HTTP/1.1" 200 9664
INFO 2024-10-04 04:42:15,872 basehttp "GET /api/v1/visualizations/leave-heatmap/ HTTP/1.1" 200 14241
INFO 2024-10-04 04:42:19,392 basehttp "GET /api/v1/dataupload/navigation/ HTTP/1.1" 200 4327
INFO 2024-10-04 04:42:21,869 basehttp "GET /api/v1/dataupload/api/ HTTP/1.1" 200 52
INFO 2024-10-04 04:43:51,171 autoreload /app/apidataupload/views.py changed, reloading.
INFO 2024-10-04 04:43:51,591 autoreload Watching for file changes with StatReloader
INFO 2024-10-04 04:44:06,887 basehttp "GET /api/v1/dataupload/ HTTP/1.1" 200 3502
INFO 2024-10-04 04:44:16,437 basehttp "GET /api/v1/dataupload/upload/ HTTP/1.1" 200 3958
INFO 2024-10-04 04:44:23,061 basehttp "POST /api/v1/dataupload/upload/ HTTP/1.1" 200 51
INFO 2024-10-04 04:44:26,381 basehttp "GET /api/v1/dataupload/upload/ HTTP/1.1" 200 3958
INFO 2024-10-04 04:44:28,665 basehttp "GET /api/v1/dataupload/navigation/ HTTP/1.1" 200 4327
INFO 2024-10-04 04:44:31,149 basehttp "GET /api/v1/dataupload/api/ HTTP/1.1" 200 52
INFO 2024-10-04 04:46:22,406 autoreload /app/leavemgt/settings.py changed, reloading.
INFO 2024-10-04 04:46:22,822 autoreload Watching for file changes with StatReloader
INFO 2024-10-04 04:46:24,463 autoreload /app/leavemgt/settings.py changed, reloading.
INFO 2024-10-04 04:46:24,869 autoreload Watching for file changes with StatReloader
INFO 2024-10-04 04:46:30,073 views User admin1 accessed navigation page.
INFO 2024-10-04 04:46:30,076 basehttp "GET /api/v1/dataupload/navigation/ HTTP/1.1" 200 4327
INFO 2024-10-04 04:46:41,116 views User admin1 accessed navigation page.
INFO 2024-10-04 04:46:41,116 basehttp "GET /api/v1/dataupload/navigation/ HTTP/1.1" 200 4327
WARNING 2024-10-04 04:46:42,852 views Invalid form submission or method not POST.
INFO 2024-10-04 04:46:42,859 basehttp "GET /api/v1/dataupload/upload/ HTTP/1.1" 200 3958
INFO 2024-10-04 04:46:43,685 views User admin1 accessed navigation page.
INFO 2024-10-04 04:46:43,686 basehttp "GET /api/v1/dataupload/navigation/ HTTP/1.1" 200 4327
INFO 2024-10-04 04:46:44,547 views Handling API data request.
INFO 2024-10-04 04:46:45,899 views Fetching data took: 1.3513493537902832 seconds.
ERROR 2024-10-04 04:46:45,900 views Error fetching data: {'status': 401, 'message': 'Token invalid or expired'}
ERROR 2024-10-04 04:46:45,900 views Error fetching data: {'status': 401, 'message': 'Token invalid or expired'}
ERROR 2024-10-04 04:46:45,900 views Error fetching data: {'status': 401, 'message': 'Token invalid or expired'}
ERROR 2024-10-04 04:46:45,900 views Error fetching data: {'status': 401, 'message': 'Token invalid or expired'}
ERROR 2024-10-04 04:46:45,900 views Error fetching data: {'status': 401, 'message': 'Token invalid or expired'}
ERROR 2024-10-04 04:46:45,900 views Error fetching data: {'status': 401, 'message': 'Token invalid or expired'}
INFO 2024-10-04 04:46:45,925 views Saving data took: 2.3126602172851562e-05 seconds.
INFO 2024-10-04 04:46:46,281 views Employee leave records have been successfully saved.
INFO 2024-10-04 04:46:46,282 basehttp "GET /api/v1/dataupload/api/ HTTP/1.1" 200 52
INFO 2024-10-04 05:42:39,890 cron Cron Job was called
INFO 2024-10-04 05:44:08,448 autoreload /app/leavemgt/settings.py changed, reloading.
INFO 2024-10-04 05:44:08,820 autoreload Watching for file changes with StatReloader
INFO 2024-10-04 05:44:56,332 autoreload Watching for file changes with StatReloader
INFO 2024-10-04 05:44:59,003 autoreload /app/leavemgt/settings.py changed, reloading.
INFO 2024-10-04 05:44:59,895 autoreload Watching for file changes with StatReloader
INFO 2024-10-04 05:46:45,426 cron Cron Job was called
INFO 2024-10-04 05:51:26,821 autoreload /app/leavemgt/settings.py changed, reloading.
INFO 2024-10-04 05:51:27,743 autoreload Watching for file changes with StatReloader
INFO 2024-10-04 05:54:25,602 autoreload /app/leavemgt/settings.py changed, reloading.
INFO 2024-10-04 05:54:26,447 autoreload Watching for file changes with StatReloader
INFO 2024-10-04 05:54:28,140 autoreload /app/leavemgt/settings.py changed, reloading.
INFO 2024-10-04 05:54:29,024 autoreload Watching for file changes with StatReloader
